Archive member included because of file (symbol)

/usr/lib/gcc/avr/4.3.5/avr5/libgcc.a(_udivmodhi4.o)
                              obj/Release/robotfunc.o (__udivmodhi4)
/usr/lib/gcc/avr/4.3.5/avr5/libgcc.a(_exit.o)
                              /usr/lib/gcc/avr/4.3.5/../../../avr/lib/avr5/crtm328p.o (exit)
/usr/lib/gcc/avr/4.3.5/avr5/libgcc.a(_copy_data.o)
                              obj/Release/main.o (__do_copy_data)
/usr/lib/gcc/avr/4.3.5/avr5/libgcc.a(_clear_bss.o)
                              obj/Release/adc.o (__do_clear_bss)

Allocating common symbols
Common symbol       size              file

base                0x2               obj/Release/adc.o
j                   0x1               obj/Release/adc.o
average             0x2               obj/Release/adc.o
read_spot           0x2               obj/Release/adc.o
button              0x2               obj/Release/adc.o
mcp_data            0x4               obj/Release/adc.o
input_buffer        0x2bc             obj/Release/adc.o
adc                 0x2               obj/Release/adc.o
count               0x2               obj/Release/adc.o
rollAverage         0x1e              obj/Release/adc.o
i_one               0x1               obj/Release/adc.o

Memory Configuration

Name             Origin             Length             Attributes
text             0x00000000         0x00020000         xr
data             0x00800060         0x0000ffa0         rw !x
eeprom           0x00810000         0x00010000         rw !x
fuse             0x00820000         0x00000400         rw !x
lock             0x00830000         0x00000400         rw !x
signature        0x00840000         0x00000400         rw !x
*default*        0x00000000         0xffffffff

Linker script and memory map

Address of section .data set to 0x800100
LOAD /usr/lib/gcc/avr/4.3.5/../../../avr/lib/avr5/crtm328p.o
LOAD obj/Release/adc.o
LOAD obj/Release/boot.o
LOAD obj/Release/digital.o
LOAD obj/Release/i2c.o
LOAD obj/Release/main.o
LOAD obj/Release/pwm.o
LOAD obj/Release/robotfunc.o
LOAD obj/Release/uart.o
LOAD /usr/lib/gcc/avr/4.3.5/avr5/libgcc.a
LOAD /usr/lib/gcc/avr/4.3.5/../../../avr/lib/avr5/libm.a
LOAD /usr/lib/gcc/avr/4.3.5/avr5/libgcc.a
LOAD /usr/lib/gcc/avr/4.3.5/../../../avr/lib/avr5/libc.a
LOAD /usr/lib/gcc/avr/4.3.5/avr5/libgcc.a

.hash
 *(.hash)

.dynsym
 *(.dynsym)

.dynstr
 *(.dynstr)

.gnu.version
 *(.gnu.version)

.gnu.version_d
 *(.gnu.version_d)

.gnu.version_r
 *(.gnu.version_r)

.rel.init
 *(.rel.init)

.rela.init
 *(.rela.init)

.rel.text
 *(.rel.text)
 *(.rel.text.*)
 *(.rel.gnu.linkonce.t*)

.rela.text
 *(.rela.text)
 *(.rela.text.*)
 *(.rela.gnu.linkonce.t*)

.rel.fini
 *(.rel.fini)

.rela.fini
 *(.rela.fini)

.rel.rodata
 *(.rel.rodata)
 *(.rel.rodata.*)
 *(.rel.gnu.linkonce.r*)

.rela.rodata
 *(.rela.rodata)
 *(.rela.rodata.*)
 *(.rela.gnu.linkonce.r*)

.rel.data
 *(.rel.data)
 *(.rel.data.*)
 *(.rel.gnu.linkonce.d*)

.rela.data
 *(.rela.data)
 *(.rela.data.*)
 *(.rela.gnu.linkonce.d*)

.rel.ctors
 *(.rel.ctors)

.rela.ctors
 *(.rela.ctors)

.rel.dtors
 *(.rel.dtors)

.rela.dtors
 *(.rela.dtors)

.rel.got
 *(.rel.got)

.rela.got
 *(.rela.got)

.rel.bss
 *(.rel.bss)

.rela.bss
 *(.rela.bss)

.rel.plt
 *(.rel.plt)

.rela.plt
 *(.rela.plt)

.text           0x00000000      0xa9e
 *(.vectors)
 .vectors       0x00000000       0x68 /usr/lib/gcc/avr/4.3.5/../../../avr/lib/avr5/crtm328p.o
                0x00000000                __vectors
                0x00000000                __vector_default
 *(.vectors)
 *(.progmem.gcc*)
 *(.progmem*)
                0x00000068                . = ALIGN (0x2)
                0x00000068                __trampolines_start = .
 *(.trampolines)
 .trampolines   0x00000068        0x0 linker stubs
 *(.trampolines*)
                0x00000068                __trampolines_end = .
 *(.jumptables)
 *(.jumptables*)
 *(.lowtext)
 *(.lowtext*)
                0x00000068                __ctors_start = .
 *(.ctors)
                0x00000068                __ctors_end = .
                0x00000068                __dtors_start = .
 *(.dtors)
                0x00000068                __dtors_end = .
 SORT(*)(.ctors)
 SORT(*)(.dtors)
 *(.init0)
 .init0         0x00000068        0x0 /usr/lib/gcc/avr/4.3.5/../../../avr/lib/avr5/crtm328p.o
                0x00000068                __init
 *(.init0)
 *(.init1)
 *(.init1)
 *(.init2)
 .init2         0x00000068        0xc /usr/lib/gcc/avr/4.3.5/../../../avr/lib/avr5/crtm328p.o
 *(.init2)
 *(.init3)
 *(.init3)
 *(.init4)
 .init4         0x00000074       0x16 /usr/lib/gcc/avr/4.3.5/avr5/libgcc.a(_copy_data.o)
                0x00000074                __do_copy_data
 .init4         0x0000008a       0x10 /usr/lib/gcc/avr/4.3.5/avr5/libgcc.a(_clear_bss.o)
                0x0000008a                __do_clear_bss
 *(.init4)
 *(.init5)
 *(.init5)
 *(.init6)
 *(.init6)
 *(.init7)
 *(.init7)
 *(.init8)
 *(.init8)
 *(.init9)
 .init9         0x0000009a        0x8 /usr/lib/gcc/avr/4.3.5/../../../avr/lib/avr5/crtm328p.o
 *(.init9)
 *(.text)
 .text          0x000000a2        0x4 /usr/lib/gcc/avr/4.3.5/../../../avr/lib/avr5/crtm328p.o
                0x000000a2                __vector_22
                0x000000a2                __vector_1
                0x000000a2                __vector_24
                0x000000a2                __vector_12
                0x000000a2                __bad_interrupt
                0x000000a2                __vector_6
                0x000000a2                __vector_3
                0x000000a2                __vector_23
                0x000000a2                __vector_25
                0x000000a2                __vector_11
                0x000000a2                __vector_13
                0x000000a2                __vector_17
                0x000000a2                __vector_19
                0x000000a2                __vector_7
                0x000000a2                __vector_5
                0x000000a2                __vector_4
                0x000000a2                __vector_9
                0x000000a2                __vector_2
                0x000000a2                __vector_15
                0x000000a2                __vector_8
                0x000000a2                __vector_14
                0x000000a2                __vector_10
                0x000000a2                __vector_20
 .text          0x000000a6      0x1d4 obj/Release/adc.o
                0x000000a6                __vector_21
                0x000000ba                adc_start
                0x00000108                adc_stop
                0x00000114                adc_change
 .text          0x0000027a       0x28 obj/Release/boot.o
                0x0000027a                bios
 .text          0x000002a2      0x180 obj/Release/digital.o
                0x000002a2                portB_out
                0x000002d6                portD_out
                0x0000030a                out
                0x0000036c                setup_timer0
                0x00000380                check_buttons
                0x000003ae                __vector_16
                0x000003fa                buttons
 .text          0x00000422      0x19e obj/Release/i2c.o
                0x00000422                twi_start
                0x0000042e                twi_tran
                0x00000464                twi_mcp_read
                0x000004d0                twi_mcp_dac
 .text          0x000005c0       0x1c obj/Release/main.o
                0x000005c0                main
 .text          0x000005dc       0xe4 obj/Release/pwm.o
                0x000005dc                pwm_setup_all
                0x0000061e                pwm_setup0
                0x00000630                pwm0A
                0x0000063a                pwm0B
                0x00000644                pwm_setup1
                0x0000065e                pwm1A
                0x00000672                pwm1B
                0x00000686                pwm_setup2
                0x000006a0                pwm2A
                0x000006b0                pwm2B
 .text          0x000006c0      0x28c obj/Release/robotfunc.o
                0x000006c0                ultrasound_filter
                0x000007ee                calibrate
 .text          0x0000094c      0x126 obj/Release/uart.o
                0x0000094c                uart_start
                0x00000994                uart_sendint
                0x000009a4                uart_sendint16
                0x000009c0                uart_sendchar
                0x000009de                uart_get
                0x00000a1e                __vector_18
 .text          0x00000a72        0x0 /usr/lib/gcc/avr/4.3.5/avr5/libgcc.a(_udivmodhi4.o)
 .text          0x00000a72        0x0 /usr/lib/gcc/avr/4.3.5/avr5/libgcc.a(_exit.o)
 .text          0x00000a72        0x0 /usr/lib/gcc/avr/4.3.5/avr5/libgcc.a(_copy_data.o)
 .text          0x00000a72        0x0 /usr/lib/gcc/avr/4.3.5/avr5/libgcc.a(_clear_bss.o)
                0x00000a72                . = ALIGN (0x2)
 *(.text.*)
 .text.libgcc   0x00000a72       0x28 /usr/lib/gcc/avr/4.3.5/avr5/libgcc.a(_udivmodhi4.o)
                0x00000a72                __udivmodhi4
 .text.libgcc   0x00000a9a        0x0 /usr/lib/gcc/avr/4.3.5/avr5/libgcc.a(_exit.o)
 .text.libgcc   0x00000a9a        0x0 /usr/lib/gcc/avr/4.3.5/avr5/libgcc.a(_copy_data.o)
 .text.libgcc   0x00000a9a        0x0 /usr/lib/gcc/avr/4.3.5/avr5/libgcc.a(_clear_bss.o)
                0x00000a9a                . = ALIGN (0x2)
 *(.fini9)
 .fini9         0x00000a9a        0x0 /usr/lib/gcc/avr/4.3.5/avr5/libgcc.a(_exit.o)
                0x00000a9a                exit
                0x00000a9a                _exit
 *(.fini9)
 *(.fini8)
 *(.fini8)
 *(.fini7)
 *(.fini7)
 *(.fini6)
 *(.fini6)
 *(.fini5)
 *(.fini5)
 *(.fini4)
 *(.fini4)
 *(.fini3)
 *(.fini3)
 *(.fini2)
 *(.fini2)
 *(.fini1)
 *(.fini1)
 *(.fini0)
 .fini0         0x00000a9a        0x4 /usr/lib/gcc/avr/4.3.5/avr5/libgcc.a(_exit.o)
 *(.fini0)
                0x00000a9e                _etext = .

.data           0x00800100        0x6 load address 0x00000a9e
                0x00800100                PROVIDE (__data_start, .)
 *(.data)
 .data          0x00800100        0x0 /usr/lib/gcc/avr/4.3.5/../../../avr/lib/avr5/crtm328p.o
 .data          0x00800100        0x0 obj/Release/adc.o
 .data          0x00800100        0x0 obj/Release/boot.o
 .data          0x00800100        0x0 obj/Release/digital.o
 .data          0x00800100        0x0 obj/Release/i2c.o
 .data          0x00800100        0x6 obj/Release/main.o
 .data          0x00800106        0x0 obj/Release/pwm.o
 .data          0x00800106        0x0 obj/Release/robotfunc.o
 .data          0x00800106        0x0 obj/Release/uart.o
 .data          0x00800106        0x0 /usr/lib/gcc/avr/4.3.5/avr5/libgcc.a(_udivmodhi4.o)
 .data          0x00800106        0x0 /usr/lib/gcc/avr/4.3.5/avr5/libgcc.a(_exit.o)
 .data          0x00800106        0x0 /usr/lib/gcc/avr/4.3.5/avr5/libgcc.a(_copy_data.o)
 .data          0x00800106        0x0 /usr/lib/gcc/avr/4.3.5/avr5/libgcc.a(_clear_bss.o)
 *(.data*)
 *(.rodata)
 *(.rodata*)
 *(.gnu.linkonce.d*)
                0x00800106                . = ALIGN (0x2)
                0x00800106                _edata = .
                0x00800106                PROVIDE (__data_end, .)

.bss            0x00800106      0x2ec
                0x00800106                PROVIDE (__bss_start, .)
 *(.bss)
 .bss           0x00800106        0x0 /usr/lib/gcc/avr/4.3.5/../../../avr/lib/avr5/crtm328p.o
 .bss           0x00800106        0x0 obj/Release/adc.o
 .bss           0x00800106        0x0 obj/Release/boot.o
 .bss           0x00800106        0x0 obj/Release/digital.o
 .bss           0x00800106        0x0 obj/Release/i2c.o
 .bss           0x00800106        0x0 obj/Release/main.o
 .bss           0x00800106        0x0 obj/Release/pwm.o
 .bss           0x00800106        0x0 obj/Release/robotfunc.o
 .bss           0x00800106        0x0 obj/Release/uart.o
 .bss           0x00800106        0x0 /usr/lib/gcc/avr/4.3.5/avr5/libgcc.a(_udivmodhi4.o)
 .bss           0x00800106        0x0 /usr/lib/gcc/avr/4.3.5/avr5/libgcc.a(_exit.o)
 .bss           0x00800106        0x0 /usr/lib/gcc/avr/4.3.5/avr5/libgcc.a(_copy_data.o)
 .bss           0x00800106        0x0 /usr/lib/gcc/avr/4.3.5/avr5/libgcc.a(_clear_bss.o)
 *(.bss*)
 *(COMMON)
 COMMON         0x00800106      0x2ec obj/Release/adc.o
                0x00800106                base
                0x00800108                j
                0x00800109                average
                0x0080010b                read_spot
                0x0080010d                button
                0x0080010f                mcp_data
                0x00800113                input_buffer
                0x008003cf                adc
                0x008003d1                count
                0x008003d3                rollAverage
                0x008003f1                i_one
                0x008003f2                PROVIDE (__bss_end, .)
                0x00000a9e                __data_load_start = LOADADDR (.data)
                0x00000aa4                __data_load_end = (__data_load_start + SIZEOF (.data))

.noinit         0x008003f2        0x0
                0x008003f2                PROVIDE (__noinit_start, .)
 *(.noinit*)
                0x008003f2                PROVIDE (__noinit_end, .)
                0x008003f2                _end = .
                0x008003f2                PROVIDE (__heap_start, .)

.eeprom         0x00810000        0x0
 *(.eeprom*)
                0x00810000                __eeprom_end = .

.fuse
 *(.fuse)
 *(.lfuse)
 *(.hfuse)
 *(.efuse)

.lock
 *(.lock*)

.signature
 *(.signature*)

.stab           0x00000000      0x6b4
 *(.stab)
 .stab          0x00000000      0x6b4 /usr/lib/gcc/avr/4.3.5/../../../avr/lib/avr5/crtm328p.o

.stabstr        0x00000000       0x54
 *(.stabstr)
 .stabstr       0x00000000       0x54 /usr/lib/gcc/avr/4.3.5/../../../avr/lib/avr5/crtm328p.o

.stab.excl
 *(.stab.excl)

.stab.exclstr
 *(.stab.exclstr)

.stab.index
 *(.stab.index)

.stab.indexstr
 *(.stab.indexstr)

.comment
 *(.comment)

.debug
 *(.debug)

.line
 *(.line)

.debug_srcinfo
 *(.debug_srcinfo)

.debug_sfnames
 *(.debug_sfnames)

.debug_aranges
 *(.debug_aranges)

.debug_pubnames
 *(.debug_pubnames)

.debug_info
 *(.debug_info)
 *(.gnu.linkonce.wi.*)

.debug_abbrev
 *(.debug_abbrev)

.debug_line
 *(.debug_line)

.debug_frame
 *(.debug_frame)

.debug_str
 *(.debug_str)

.debug_loc
 *(.debug_loc)

.debug_macinfo
 *(.debug_macinfo)
OUTPUT(bin/Release/BOB_motor.elf elf32-avr)
LOAD linker stubs

Cross Reference Table

Symbol                                            File
__bad_interrupt                                   /usr/lib/gcc/avr/4.3.5/../../../avr/lib/avr5/crtm328p.o
__bss_end                                         /usr/lib/gcc/avr/4.3.5/avr5/libgcc.a(_clear_bss.o)
__bss_start                                       /usr/lib/gcc/avr/4.3.5/avr5/libgcc.a(_clear_bss.o)
__data_end                                        /usr/lib/gcc/avr/4.3.5/avr5/libgcc.a(_copy_data.o)
__data_load_start                                 /usr/lib/gcc/avr/4.3.5/avr5/libgcc.a(_copy_data.o)
__data_start                                      /usr/lib/gcc/avr/4.3.5/avr5/libgcc.a(_copy_data.o)
__do_clear_bss                                    /usr/lib/gcc/avr/4.3.5/avr5/libgcc.a(_clear_bss.o)
                                                  obj/Release/uart.o
                                                  obj/Release/robotfunc.o
                                                  obj/Release/pwm.o
                                                  obj/Release/main.o
                                                  obj/Release/i2c.o
                                                  obj/Release/digital.o
                                                  obj/Release/boot.o
                                                  obj/Release/adc.o
__do_copy_data                                    /usr/lib/gcc/avr/4.3.5/avr5/libgcc.a(_copy_data.o)
                                                  obj/Release/main.o
__heap_end                                        /usr/lib/gcc/avr/4.3.5/../../../avr/lib/avr5/crtm328p.o
__init                                            /usr/lib/gcc/avr/4.3.5/../../../avr/lib/avr5/crtm328p.o
__stack                                           /usr/lib/gcc/avr/4.3.5/../../../avr/lib/avr5/crtm328p.o
__udivmodhi4                                      /usr/lib/gcc/avr/4.3.5/avr5/libgcc.a(_udivmodhi4.o)
                                                  obj/Release/robotfunc.o
__vector_1                                        /usr/lib/gcc/avr/4.3.5/../../../avr/lib/avr5/crtm328p.o
__vector_10                                       /usr/lib/gcc/avr/4.3.5/../../../avr/lib/avr5/crtm328p.o
__vector_11                                       /usr/lib/gcc/avr/4.3.5/../../../avr/lib/avr5/crtm328p.o
__vector_12                                       /usr/lib/gcc/avr/4.3.5/../../../avr/lib/avr5/crtm328p.o
__vector_13                                       /usr/lib/gcc/avr/4.3.5/../../../avr/lib/avr5/crtm328p.o
__vector_14                                       /usr/lib/gcc/avr/4.3.5/../../../avr/lib/avr5/crtm328p.o
__vector_15                                       /usr/lib/gcc/avr/4.3.5/../../../avr/lib/avr5/crtm328p.o
__vector_16                                       obj/Release/digital.o
                                                  /usr/lib/gcc/avr/4.3.5/../../../avr/lib/avr5/crtm328p.o
__vector_17                                       /usr/lib/gcc/avr/4.3.5/../../../avr/lib/avr5/crtm328p.o
__vector_18                                       obj/Release/uart.o
                                                  /usr/lib/gcc/avr/4.3.5/../../../avr/lib/avr5/crtm328p.o
__vector_19                                       /usr/lib/gcc/avr/4.3.5/../../../avr/lib/avr5/crtm328p.o
__vector_2                                        /usr/lib/gcc/avr/4.3.5/../../../avr/lib/avr5/crtm328p.o
__vector_20                                       /usr/lib/gcc/avr/4.3.5/../../../avr/lib/avr5/crtm328p.o
__vector_21                                       obj/Release/adc.o
                                                  /usr/lib/gcc/avr/4.3.5/../../../avr/lib/avr5/crtm328p.o
__vector_22                                       /usr/lib/gcc/avr/4.3.5/../../../avr/lib/avr5/crtm328p.o
__vector_23                                       /usr/lib/gcc/avr/4.3.5/../../../avr/lib/avr5/crtm328p.o
__vector_24                                       /usr/lib/gcc/avr/4.3.5/../../../avr/lib/avr5/crtm328p.o
__vector_25                                       /usr/lib/gcc/avr/4.3.5/../../../avr/lib/avr5/crtm328p.o
__vector_3                                        /usr/lib/gcc/avr/4.3.5/../../../avr/lib/avr5/crtm328p.o
__vector_4                                        /usr/lib/gcc/avr/4.3.5/../../../avr/lib/avr5/crtm328p.o
__vector_5                                        /usr/lib/gcc/avr/4.3.5/../../../avr/lib/avr5/crtm328p.o
__vector_6                                        /usr/lib/gcc/avr/4.3.5/../../../avr/lib/avr5/crtm328p.o
__vector_7                                        /usr/lib/gcc/avr/4.3.5/../../../avr/lib/avr5/crtm328p.o
__vector_8                                        /usr/lib/gcc/avr/4.3.5/../../../avr/lib/avr5/crtm328p.o
__vector_9                                        /usr/lib/gcc/avr/4.3.5/../../../avr/lib/avr5/crtm328p.o
__vector_default                                  /usr/lib/gcc/avr/4.3.5/../../../avr/lib/avr5/crtm328p.o
__vectors                                         /usr/lib/gcc/avr/4.3.5/../../../avr/lib/avr5/crtm328p.o
_exit                                             /usr/lib/gcc/avr/4.3.5/avr5/libgcc.a(_exit.o)
adc                                               obj/Release/uart.o
                                                  obj/Release/robotfunc.o
                                                  obj/Release/pwm.o
                                                  obj/Release/main.o
                                                  obj/Release/i2c.o
                                                  obj/Release/digital.o
                                                  obj/Release/boot.o
                                                  obj/Release/adc.o
adc_change                                        obj/Release/adc.o
                                                  obj/Release/robotfunc.o
adc_start                                         obj/Release/adc.o
                                                  obj/Release/boot.o
adc_stop                                          obj/Release/adc.o
average                                           obj/Release/uart.o
                                                  obj/Release/robotfunc.o
                                                  obj/Release/pwm.o
                                                  obj/Release/main.o
                                                  obj/Release/i2c.o
                                                  obj/Release/digital.o
                                                  obj/Release/boot.o
                                                  obj/Release/adc.o
base                                              obj/Release/uart.o
                                                  obj/Release/robotfunc.o
                                                  obj/Release/pwm.o
                                                  obj/Release/main.o
                                                  obj/Release/i2c.o
                                                  obj/Release/digital.o
                                                  obj/Release/boot.o
                                                  obj/Release/adc.o
bios                                              obj/Release/boot.o
                                                  obj/Release/main.o
button                                            obj/Release/uart.o
                                                  obj/Release/robotfunc.o
                                                  obj/Release/pwm.o
                                                  obj/Release/main.o
                                                  obj/Release/i2c.o
                                                  obj/Release/digital.o
                                                  obj/Release/boot.o
                                                  obj/Release/adc.o
buttons                                           obj/Release/digital.o
                                                  obj/Release/main.o
calibrate                                         obj/Release/robotfunc.o
                                                  obj/Release/main.o
check_buttons                                     obj/Release/digital.o
                                                  obj/Release/main.o
count                                             obj/Release/uart.o
                                                  obj/Release/robotfunc.o
                                                  obj/Release/pwm.o
                                                  obj/Release/main.o
                                                  obj/Release/i2c.o
                                                  obj/Release/digital.o
                                                  obj/Release/boot.o
                                                  obj/Release/adc.o
exit                                              /usr/lib/gcc/avr/4.3.5/avr5/libgcc.a(_exit.o)
                                                  /usr/lib/gcc/avr/4.3.5/../../../avr/lib/avr5/crtm328p.o
i_one                                             obj/Release/uart.o
                                                  obj/Release/robotfunc.o
                                                  obj/Release/pwm.o
                                                  obj/Release/main.o
                                                  obj/Release/i2c.o
                                                  obj/Release/digital.o
                                                  obj/Release/boot.o
                                                  obj/Release/adc.o
input_buffer                                      obj/Release/uart.o
                                                  obj/Release/robotfunc.o
                                                  obj/Release/pwm.o
                                                  obj/Release/main.o
                                                  obj/Release/i2c.o
                                                  obj/Release/digital.o
                                                  obj/Release/boot.o
                                                  obj/Release/adc.o
j                                                 obj/Release/uart.o
                                                  obj/Release/robotfunc.o
                                                  obj/Release/pwm.o
                                                  obj/Release/main.o
                                                  obj/Release/i2c.o
                                                  obj/Release/digital.o
                                                  obj/Release/boot.o
                                                  obj/Release/adc.o
main                                              obj/Release/main.o
                                                  /usr/lib/gcc/avr/4.3.5/../../../avr/lib/avr5/crtm328p.o
mcp_data                                          obj/Release/uart.o
                                                  obj/Release/robotfunc.o
                                                  obj/Release/pwm.o
                                                  obj/Release/main.o
                                                  obj/Release/i2c.o
                                                  obj/Release/digital.o
                                                  obj/Release/boot.o
                                                  obj/Release/adc.o
out                                               obj/Release/digital.o
portB_out                                         obj/Release/digital.o
portD_out                                         obj/Release/digital.o
pwm0A                                             obj/Release/pwm.o
pwm0B                                             obj/Release/pwm.o
pwm1A                                             obj/Release/pwm.o
pwm1B                                             obj/Release/pwm.o
pwm2A                                             obj/Release/pwm.o
pwm2B                                             obj/Release/pwm.o
pwm_setup0                                        obj/Release/pwm.o
pwm_setup1                                        obj/Release/pwm.o
pwm_setup2                                        obj/Release/pwm.o
pwm_setup_all                                     obj/Release/pwm.o
                                                  obj/Release/boot.o
read_spot                                         obj/Release/uart.o
                                                  obj/Release/robotfunc.o
                                                  obj/Release/pwm.o
                                                  obj/Release/main.o
                                                  obj/Release/i2c.o
                                                  obj/Release/digital.o
                                                  obj/Release/boot.o
                                                  obj/Release/adc.o
rollAverage                                       obj/Release/uart.o
                                                  obj/Release/robotfunc.o
                                                  obj/Release/pwm.o
                                                  obj/Release/main.o
                                                  obj/Release/i2c.o
                                                  obj/Release/digital.o
                                                  obj/Release/boot.o
                                                  obj/Release/adc.o
setup_timer0                                      obj/Release/digital.o
                                                  obj/Release/boot.o
twi_mcp_dac                                       obj/Release/i2c.o
twi_mcp_read                                      obj/Release/i2c.o
twi_start                                         obj/Release/i2c.o
                                                  obj/Release/boot.o
twi_tran                                          obj/Release/i2c.o
uart_get                                          obj/Release/uart.o
uart_sendchar                                     obj/Release/uart.o
                                                  obj/Release/main.o
uart_sendint                                      obj/Release/uart.o
                                                  obj/Release/digital.o
uart_sendint16                                    obj/Release/uart.o
uart_start                                        obj/Release/uart.o
                                                  obj/Release/boot.o
ultrasound_filter                                 obj/Release/robotfunc.o
                                                  obj/Release/digital.o
