Archive member included because of file (symbol)

/usr/lib/gcc/avr/4.3.3/avr5/libgcc.a(_exit.o)
                              /usr/lib/gcc/avr/4.3.3/../../../avr/lib/avr5/crtm328p.o (exit)
/usr/lib/gcc/avr/4.3.3/avr5/libgcc.a(_copy_data.o)
                              obj/Debug/adc.o (__do_copy_data)
/usr/lib/gcc/avr/4.3.3/avr5/libgcc.a(_clear_bss.o)
                              obj/Debug/adc.o (__do_clear_bss)
/usr/lib/gcc/avr/4.3.3/avr5/libgcc.a(_fixunssfsi.o)
                              obj/Debug/pwm.o (__fixunssfsi)
/usr/lib/gcc/avr/4.3.3/avr5/libgcc.a(_addsub_sf.o)
                              /usr/lib/gcc/avr/4.3.3/avr5/libgcc.a(_fixunssfsi.o) (__subsf3)
/usr/lib/gcc/avr/4.3.3/avr5/libgcc.a(_mul_sf.o)
                              obj/Debug/pwm.o (__mulsf3)
/usr/lib/gcc/avr/4.3.3/avr5/libgcc.a(_gt_sf.o)
                              obj/Debug/pwm.o (__gtsf2)
/usr/lib/gcc/avr/4.3.3/avr5/libgcc.a(_ge_sf.o)
                              /usr/lib/gcc/avr/4.3.3/avr5/libgcc.a(_fixunssfsi.o) (__gesf2)
/usr/lib/gcc/avr/4.3.3/avr5/libgcc.a(_lt_sf.o)
                              obj/Debug/pwm.o (__ltsf2)
/usr/lib/gcc/avr/4.3.3/avr5/libgcc.a(_sf_to_si.o)
                              /usr/lib/gcc/avr/4.3.3/avr5/libgcc.a(_fixunssfsi.o) (__fixsfsi)
/usr/lib/gcc/avr/4.3.3/avr5/libgcc.a(_thenan_sf.o)
                              /usr/lib/gcc/avr/4.3.3/avr5/libgcc.a(_addsub_sf.o) (__thenan_sf)
/usr/lib/gcc/avr/4.3.3/avr5/libgcc.a(_usi_to_sf.o)
                              obj/Debug/pwm.o (__floatunsisf)
/usr/lib/gcc/avr/4.3.3/avr5/libgcc.a(_prologue.o)
                              /usr/lib/gcc/avr/4.3.3/avr5/libgcc.a(_addsub_sf.o) (__prologue_saves__)
/usr/lib/gcc/avr/4.3.3/avr5/libgcc.a(_epilogue.o)
                              /usr/lib/gcc/avr/4.3.3/avr5/libgcc.a(_addsub_sf.o) (__epilogue_restores__)
/usr/lib/gcc/avr/4.3.3/avr5/libgcc.a(_clzsi2.o)
                              /usr/lib/gcc/avr/4.3.3/avr5/libgcc.a(_usi_to_sf.o) (__clzsi2)
/usr/lib/gcc/avr/4.3.3/avr5/libgcc.a(_pack_sf.o)
                              /usr/lib/gcc/avr/4.3.3/avr5/libgcc.a(_addsub_sf.o) (__pack_f)
/usr/lib/gcc/avr/4.3.3/avr5/libgcc.a(_unpack_sf.o)
                              /usr/lib/gcc/avr/4.3.3/avr5/libgcc.a(_addsub_sf.o) (__unpack_f)
/usr/lib/gcc/avr/4.3.3/avr5/libgcc.a(_fpcmp_parts_sf.o)
                              /usr/lib/gcc/avr/4.3.3/avr5/libgcc.a(_gt_sf.o) (__fpcmp_parts_f)
/usr/lib/gcc/avr/4.3.3/avr5/libgcc.a(_clz.o)
                              /usr/lib/gcc/avr/4.3.3/avr5/libgcc.a(_clzsi2.o) (__clz_tab)

Allocating common symbols
Common symbol       size              file

pwm_speed           0x2               obj/Debug/adc.o
pwm_value_old       0x2               obj/Debug/adc.o
pwm_value           0x2               obj/Debug/adc.o

Memory Configuration

Name             Origin             Length             Attributes
text             0x00000000         0x00020000         xr
data             0x00800060         0x0000ffa0         rw !x
eeprom           0x00810000         0x00010000         rw !x
fuse             0x00820000         0x00000400         rw !x
lock             0x00830000         0x00000400         rw !x
signature        0x00840000         0x00000400         rw !x
*default*        0x00000000         0xffffffff

Linker script and memory map

Address of section .data set to 0x800100
LOAD /usr/lib/gcc/avr/4.3.3/../../../avr/lib/avr5/crtm328p.o
LOAD obj/Debug/adc.o
LOAD obj/Debug/digital.o
LOAD obj/Debug/main.o
LOAD obj/Debug/pwm.o
LOAD /usr/lib/gcc/avr/4.3.3/avr5/libgcc.a
LOAD /usr/lib/gcc/avr/4.3.3/../../../avr/lib/avr5/libm.a
LOAD /usr/lib/gcc/avr/4.3.3/avr5/libgcc.a
LOAD /usr/lib/gcc/avr/4.3.3/../../../avr/lib/avr5/libc.a
LOAD /usr/lib/gcc/avr/4.3.3/avr5/libgcc.a

.hash
 *(.hash)

.dynsym
 *(.dynsym)

.dynstr
 *(.dynstr)

.gnu.version
 *(.gnu.version)

.gnu.version_d
 *(.gnu.version_d)

.gnu.version_r
 *(.gnu.version_r)

.rel.init
 *(.rel.init)

.rela.init
 *(.rela.init)

.rel.text
 *(.rel.text)
 *(.rel.text.*)
 *(.rel.gnu.linkonce.t*)

.rela.text
 *(.rela.text)
 *(.rela.text.*)
 *(.rela.gnu.linkonce.t*)

.rel.fini
 *(.rel.fini)

.rela.fini
 *(.rela.fini)

.rel.rodata
 *(.rel.rodata)
 *(.rel.rodata.*)
 *(.rel.gnu.linkonce.r*)

.rela.rodata
 *(.rela.rodata)
 *(.rela.rodata.*)
 *(.rela.gnu.linkonce.r*)

.rel.data
 *(.rel.data)
 *(.rel.data.*)
 *(.rel.gnu.linkonce.d*)

.rela.data
 *(.rela.data)
 *(.rela.data.*)
 *(.rela.gnu.linkonce.d*)

.rel.ctors
 *(.rel.ctors)

.rela.ctors
 *(.rela.ctors)

.rel.dtors
 *(.rel.dtors)

.rela.dtors
 *(.rela.dtors)

.rel.got
 *(.rel.got)

.rela.got
 *(.rela.got)

.rel.bss
 *(.rel.bss)

.rela.bss
 *(.rela.bss)

.rel.plt
 *(.rel.plt)

.rela.plt
 *(.rela.plt)

.text           0x00000000     0x1666
 *(.vectors)
 .vectors       0x00000000       0x68 /usr/lib/gcc/avr/4.3.3/../../../avr/lib/avr5/crtm328p.o
                0x00000000                __vectors
                0x00000000                __vector_default
 *(.vectors)
 *(.progmem.gcc*)
 *(.progmem*)
                0x00000068                . = ALIGN (0x2)
                0x00000068                __trampolines_start = .
 *(.trampolines)
 .trampolines   0x00000068        0x0 linker stubs
 *(.trampolines*)
                0x00000068                __trampolines_end = .
 *(.jumptables)
 *(.jumptables*)
 *(.lowtext)
 *(.lowtext*)
                0x00000068                __ctors_start = .
 *(.ctors)
                0x00000068                __ctors_end = .
                0x00000068                __dtors_start = .
 *(.dtors)
                0x00000068                __dtors_end = .
 SORT(*)(.ctors)
 SORT(*)(.dtors)
 *(.init0)
 .init0         0x00000068        0x0 /usr/lib/gcc/avr/4.3.3/../../../avr/lib/avr5/crtm328p.o
                0x00000068                __init
 *(.init0)
 *(.init1)
 *(.init1)
 *(.init2)
 .init2         0x00000068        0xc /usr/lib/gcc/avr/4.3.3/../../../avr/lib/avr5/crtm328p.o
 *(.init2)
 *(.init3)
 *(.init3)
 *(.init4)
 .init4         0x00000074       0x16 /usr/lib/gcc/avr/4.3.3/avr5/libgcc.a(_copy_data.o)
                0x00000074                __do_copy_data
 .init4         0x0000008a       0x10 /usr/lib/gcc/avr/4.3.3/avr5/libgcc.a(_clear_bss.o)
                0x0000008a                __do_clear_bss
 *(.init4)
 *(.init5)
 *(.init5)
 *(.init6)
 *(.init6)
 *(.init7)
 *(.init7)
 *(.init8)
 *(.init8)
 *(.init9)
 .init9         0x0000009a        0x8 /usr/lib/gcc/avr/4.3.3/../../../avr/lib/avr5/crtm328p.o
 *(.init9)
 *(.text)
 .text          0x000000a2        0x4 /usr/lib/gcc/avr/4.3.3/../../../avr/lib/avr5/crtm328p.o
                0x000000a2                __vector_22
                0x000000a2                __vector_1
                0x000000a2                __vector_24
                0x000000a2                __vector_12
                0x000000a2                __bad_interrupt
                0x000000a2                __vector_6
                0x000000a2                __vector_3
                0x000000a2                __vector_23
                0x000000a2                __vector_25
                0x000000a2                __vector_11
                0x000000a2                __vector_13
                0x000000a2                __vector_17
                0x000000a2                __vector_19
                0x000000a2                __vector_7
                0x000000a2                __vector_5
                0x000000a2                __vector_4
                0x000000a2                __vector_9
                0x000000a2                __vector_2
                0x000000a2                __vector_15
                0x000000a2                __vector_8
                0x000000a2                __vector_14
                0x000000a2                __vector_10
                0x000000a2                __vector_16
                0x000000a2                __vector_18
                0x000000a2                __vector_20
 .text          0x000000a6       0x92 obj/Debug/adc.o
                0x000000c6                adc_start
                0x000000a6                __vector_21
 .text          0x00000138      0x18c obj/Debug/digital.o
                0x00000214                inputB
                0x0000026c                inputD
                0x000001a6                portD_out
                0x00000138                portB_out
 .text          0x000002c4       0x92 obj/Debug/main.o
                0x000002c4                main
 .text          0x00000356      0x65a obj/Debug/pwm.o
                0x000003f0                pwm_ramp
                0x00000356                pwm_setup
                0x00000832                pwm_rampDown
                0x000003b4                pwm
                0x000006c4                pwm_rampUp
 .text          0x000009b0        0x0 /usr/lib/gcc/avr/4.3.3/avr5/libgcc.a(_exit.o)
 .text          0x000009b0        0x0 /usr/lib/gcc/avr/4.3.3/avr5/libgcc.a(_copy_data.o)
 .text          0x000009b0        0x0 /usr/lib/gcc/avr/4.3.3/avr5/libgcc.a(_clear_bss.o)
 .text          0x000009b0       0x58 /usr/lib/gcc/avr/4.3.3/avr5/libgcc.a(_fixunssfsi.o)
                0x000009b0                __fixunssfsi
 .text          0x00000a08      0x354 /usr/lib/gcc/avr/4.3.3/avr5/libgcc.a(_addsub_sf.o)
                0x00000ca0                __subsf3
                0x00000d02                __addsf3
 .text          0x00000d5c      0x1f4 /usr/lib/gcc/avr/4.3.3/avr5/libgcc.a(_mul_sf.o)
                0x00000d5c                __mulsf3
 .text          0x00000f50       0x60 /usr/lib/gcc/avr/4.3.3/avr5/libgcc.a(_gt_sf.o)
                0x00000f50                __gtsf2
 .text          0x00000fb0       0x60 /usr/lib/gcc/avr/4.3.3/avr5/libgcc.a(_ge_sf.o)
                0x00000fb0                __gesf2
 .text          0x00001010       0x60 /usr/lib/gcc/avr/4.3.3/avr5/libgcc.a(_lt_sf.o)
                0x00001010                __ltsf2
 .text          0x00001070       0xa8 /usr/lib/gcc/avr/4.3.3/avr5/libgcc.a(_sf_to_si.o)
                0x00001070                __fixsfsi
 .text          0x00001118        0x0 /usr/lib/gcc/avr/4.3.3/avr5/libgcc.a(_thenan_sf.o)
 .text          0x00001118       0xf2 /usr/lib/gcc/avr/4.3.3/avr5/libgcc.a(_usi_to_sf.o)
                0x00001118                __floatunsisf
 .text          0x0000120a        0x0 /usr/lib/gcc/avr/4.3.3/avr5/libgcc.a(_prologue.o)
 .text          0x0000120a        0x0 /usr/lib/gcc/avr/4.3.3/avr5/libgcc.a(_epilogue.o)
 .text          0x0000120a       0x9e /usr/lib/gcc/avr/4.3.3/avr5/libgcc.a(_clzsi2.o)
                0x0000120a                __clzsi2
 .text          0x000012a8      0x1aa /usr/lib/gcc/avr/4.3.3/avr5/libgcc.a(_pack_sf.o)
                0x000012a8                __pack_f
 .text          0x00001452       0xf0 /usr/lib/gcc/avr/4.3.3/avr5/libgcc.a(_unpack_sf.o)
                0x00001452                __unpack_f
 .text          0x00001542       0xb2 /usr/lib/gcc/avr/4.3.3/avr5/libgcc.a(_fpcmp_parts_sf.o)
                0x00001542                __fpcmp_parts_f
 .text          0x000015f4        0x0 /usr/lib/gcc/avr/4.3.3/avr5/libgcc.a(_clz.o)
                0x000015f4                . = ALIGN (0x2)
 *(.text.*)
 .text.libgcc   0x000015f4        0x0 /usr/lib/gcc/avr/4.3.3/avr5/libgcc.a(_exit.o)
 .text.libgcc   0x000015f4        0x0 /usr/lib/gcc/avr/4.3.3/avr5/libgcc.a(_copy_data.o)
 .text.libgcc   0x000015f4        0x0 /usr/lib/gcc/avr/4.3.3/avr5/libgcc.a(_clear_bss.o)
 .text.libgcc   0x000015f4       0x38 /usr/lib/gcc/avr/4.3.3/avr5/libgcc.a(_prologue.o)
                0x000015f4                __prologue_saves__
 .text.libgcc   0x0000162c       0x36 /usr/lib/gcc/avr/4.3.3/avr5/libgcc.a(_epilogue.o)
                0x0000162c                __epilogue_restores__
                0x00001662                . = ALIGN (0x2)
 *(.fini9)
 .fini9         0x00001662        0x0 /usr/lib/gcc/avr/4.3.3/avr5/libgcc.a(_exit.o)
                0x00001662                exit
                0x00001662                _exit
 *(.fini9)
 *(.fini8)
 *(.fini8)
 *(.fini7)
 *(.fini7)
 *(.fini6)
 *(.fini6)
 *(.fini5)
 *(.fini5)
 *(.fini4)
 *(.fini4)
 *(.fini3)
 *(.fini3)
 *(.fini2)
 *(.fini2)
 *(.fini1)
 *(.fini1)
 *(.fini0)
 .fini0         0x00001662        0x4 /usr/lib/gcc/avr/4.3.3/avr5/libgcc.a(_exit.o)
 *(.fini0)
                0x00001666                _etext = .

.data           0x00800100      0x108 load address 0x00001666
                0x00800100                PROVIDE (__data_start, .)
 *(.data)
 .data          0x00800100        0x0 /usr/lib/gcc/avr/4.3.3/../../../avr/lib/avr5/crtm328p.o
 .data          0x00800100        0x0 obj/Debug/adc.o
 .data          0x00800100        0x0 obj/Debug/digital.o
 .data          0x00800100        0x0 obj/Debug/main.o
 .data          0x00800100        0x0 obj/Debug/pwm.o
 .data          0x00800100        0x0 /usr/lib/gcc/avr/4.3.3/avr5/libgcc.a(_exit.o)
 .data          0x00800100        0x0 /usr/lib/gcc/avr/4.3.3/avr5/libgcc.a(_copy_data.o)
 .data          0x00800100        0x0 /usr/lib/gcc/avr/4.3.3/avr5/libgcc.a(_clear_bss.o)
 .data          0x00800100        0x0 /usr/lib/gcc/avr/4.3.3/avr5/libgcc.a(_fixunssfsi.o)
 .data          0x00800100        0x0 /usr/lib/gcc/avr/4.3.3/avr5/libgcc.a(_addsub_sf.o)
 .data          0x00800100        0x0 /usr/lib/gcc/avr/4.3.3/avr5/libgcc.a(_mul_sf.o)
 .data          0x00800100        0x0 /usr/lib/gcc/avr/4.3.3/avr5/libgcc.a(_gt_sf.o)
 .data          0x00800100        0x0 /usr/lib/gcc/avr/4.3.3/avr5/libgcc.a(_ge_sf.o)
 .data          0x00800100        0x0 /usr/lib/gcc/avr/4.3.3/avr5/libgcc.a(_lt_sf.o)
 .data          0x00800100        0x0 /usr/lib/gcc/avr/4.3.3/avr5/libgcc.a(_sf_to_si.o)
 .data          0x00800100        0x8 /usr/lib/gcc/avr/4.3.3/avr5/libgcc.a(_thenan_sf.o)
                0x00800100                __thenan_sf
 .data          0x00800108        0x0 /usr/lib/gcc/avr/4.3.3/avr5/libgcc.a(_usi_to_sf.o)
 .data          0x00800108        0x0 /usr/lib/gcc/avr/4.3.3/avr5/libgcc.a(_prologue.o)
 .data          0x00800108        0x0 /usr/lib/gcc/avr/4.3.3/avr5/libgcc.a(_epilogue.o)
 .data          0x00800108        0x0 /usr/lib/gcc/avr/4.3.3/avr5/libgcc.a(_clzsi2.o)
 .data          0x00800108        0x0 /usr/lib/gcc/avr/4.3.3/avr5/libgcc.a(_pack_sf.o)
 .data          0x00800108        0x0 /usr/lib/gcc/avr/4.3.3/avr5/libgcc.a(_unpack_sf.o)
 .data          0x00800108        0x0 /usr/lib/gcc/avr/4.3.3/avr5/libgcc.a(_fpcmp_parts_sf.o)
 .data          0x00800108      0x100 /usr/lib/gcc/avr/4.3.3/avr5/libgcc.a(_clz.o)
                0x00800108                __clz_tab
 *(.data*)
 *(.rodata)
 *(.rodata*)
 *(.gnu.linkonce.d*)
                0x00800208                . = ALIGN (0x2)
                0x00800208                _edata = .
                0x00800208                PROVIDE (__data_end, .)

.bss            0x00800208        0x6 load address 0x0000176e
                0x00800208                PROVIDE (__bss_start, .)
 *(.bss)
 .bss           0x00800208        0x0 /usr/lib/gcc/avr/4.3.3/../../../avr/lib/avr5/crtm328p.o
 .bss           0x00800208        0x0 obj/Debug/adc.o
 .bss           0x00800208        0x0 obj/Debug/digital.o
 .bss           0x00800208        0x0 obj/Debug/main.o
 .bss           0x00800208        0x0 obj/Debug/pwm.o
 .bss           0x00800208        0x0 /usr/lib/gcc/avr/4.3.3/avr5/libgcc.a(_exit.o)
 .bss           0x00800208        0x0 /usr/lib/gcc/avr/4.3.3/avr5/libgcc.a(_copy_data.o)
 .bss           0x00800208        0x0 /usr/lib/gcc/avr/4.3.3/avr5/libgcc.a(_clear_bss.o)
 .bss           0x00800208        0x0 /usr/lib/gcc/avr/4.3.3/avr5/libgcc.a(_fixunssfsi.o)
 .bss           0x00800208        0x0 /usr/lib/gcc/avr/4.3.3/avr5/libgcc.a(_addsub_sf.o)
 .bss           0x00800208        0x0 /usr/lib/gcc/avr/4.3.3/avr5/libgcc.a(_mul_sf.o)
 .bss           0x00800208        0x0 /usr/lib/gcc/avr/4.3.3/avr5/libgcc.a(_gt_sf.o)
 .bss           0x00800208        0x0 /usr/lib/gcc/avr/4.3.3/avr5/libgcc.a(_ge_sf.o)
 .bss           0x00800208        0x0 /usr/lib/gcc/avr/4.3.3/avr5/libgcc.a(_lt_sf.o)
 .bss           0x00800208        0x0 /usr/lib/gcc/avr/4.3.3/avr5/libgcc.a(_sf_to_si.o)
 .bss           0x00800208        0x0 /usr/lib/gcc/avr/4.3.3/avr5/libgcc.a(_thenan_sf.o)
 .bss           0x00800208        0x0 /usr/lib/gcc/avr/4.3.3/avr5/libgcc.a(_usi_to_sf.o)
 .bss           0x00800208        0x0 /usr/lib/gcc/avr/4.3.3/avr5/libgcc.a(_prologue.o)
 .bss           0x00800208        0x0 /usr/lib/gcc/avr/4.3.3/avr5/libgcc.a(_epilogue.o)
 .bss           0x00800208        0x0 /usr/lib/gcc/avr/4.3.3/avr5/libgcc.a(_clzsi2.o)
 .bss           0x00800208        0x0 /usr/lib/gcc/avr/4.3.3/avr5/libgcc.a(_pack_sf.o)
 .bss           0x00800208        0x0 /usr/lib/gcc/avr/4.3.3/avr5/libgcc.a(_unpack_sf.o)
 .bss           0x00800208        0x0 /usr/lib/gcc/avr/4.3.3/avr5/libgcc.a(_fpcmp_parts_sf.o)
 .bss           0x00800208        0x0 /usr/lib/gcc/avr/4.3.3/avr5/libgcc.a(_clz.o)
 *(.bss*)
 *(COMMON)
 COMMON         0x00800208        0x6 obj/Debug/adc.o
                0x00800208                pwm_speed
                0x0080020a                pwm_value_old
                0x0080020c                pwm_value
                0x0080020e                PROVIDE (__bss_end, .)
                0x00001666                __data_load_start = LOADADDR (.data)
                0x0000176e                __data_load_end = (__data_load_start + SIZEOF (.data))

.noinit         0x0080020e        0x0
                0x0080020e                PROVIDE (__noinit_start, .)
 *(.noinit*)
                0x0080020e                PROVIDE (__noinit_end, .)
                0x0080020e                _end = .
                0x0080020e                PROVIDE (__heap_start, .)

.eeprom         0x00810000        0x0
 *(.eeprom*)
                0x00810000                __eeprom_end = .

.fuse
 *(.fuse)
 *(.lfuse)
 *(.hfuse)
 *(.efuse)

.lock
 *(.lock*)

.signature
 *(.signature*)

.stab           0x00000000     0x1974
 *(.stab)
 .stab          0x00000000      0x6b4 /usr/lib/gcc/avr/4.3.3/../../../avr/lib/avr5/crtm328p.o
 .stab          0x000006b4      0x48c obj/Debug/adc.o
                                0x498 (size before relaxing)
 .stab          0x00000b40      0x348 obj/Debug/digital.o
                                0x504 (size before relaxing)
 .stab          0x00000e88      0x258 obj/Debug/main.o
                                0x480 (size before relaxing)
 .stab          0x000010e0      0x894 obj/Debug/pwm.o
                                0xab0 (size before relaxing)

.stabstr        0x00000000      0xb03
 *(.stabstr)
 .stabstr       0x00000000      0xb03 /usr/lib/gcc/avr/4.3.3/../../../avr/lib/avr5/crtm328p.o

.stab.excl
 *(.stab.excl)

.stab.exclstr
 *(.stab.exclstr)

.stab.index
 *(.stab.index)

.stab.indexstr
 *(.stab.indexstr)

.comment
 *(.comment)

.debug
 *(.debug)

.line
 *(.line)

.debug_srcinfo
 *(.debug_srcinfo)

.debug_sfnames
 *(.debug_sfnames)

.debug_aranges
 *(.debug_aranges)

.debug_pubnames
 *(.debug_pubnames)

.debug_info
 *(.debug_info)
 *(.gnu.linkonce.wi.*)

.debug_abbrev
 *(.debug_abbrev)

.debug_line
 *(.debug_line)

.debug_frame
 *(.debug_frame)

.debug_str
 *(.debug_str)

.debug_loc
 *(.debug_loc)

.debug_macinfo
 *(.debug_macinfo)
OUTPUT(bin/Debug/BOB_motor.elf elf32-avr)
LOAD linker stubs

Cross Reference Table

Symbol                                            File
__addsf3                                          /usr/lib/gcc/avr/4.3.3/avr5/libgcc.a(_addsub_sf.o)
__bad_interrupt                                   /usr/lib/gcc/avr/4.3.3/../../../avr/lib/avr5/crtm328p.o
__bss_end                                         /usr/lib/gcc/avr/4.3.3/avr5/libgcc.a(_clear_bss.o)
__bss_start                                       /usr/lib/gcc/avr/4.3.3/avr5/libgcc.a(_clear_bss.o)
__clz_tab                                         /usr/lib/gcc/avr/4.3.3/avr5/libgcc.a(_clz.o)
                                                  /usr/lib/gcc/avr/4.3.3/avr5/libgcc.a(_clzsi2.o)
__clzsi2                                          /usr/lib/gcc/avr/4.3.3/avr5/libgcc.a(_clzsi2.o)
                                                  /usr/lib/gcc/avr/4.3.3/avr5/libgcc.a(_usi_to_sf.o)
__data_end                                        /usr/lib/gcc/avr/4.3.3/avr5/libgcc.a(_copy_data.o)
__data_load_start                                 /usr/lib/gcc/avr/4.3.3/avr5/libgcc.a(_copy_data.o)
__data_start                                      /usr/lib/gcc/avr/4.3.3/avr5/libgcc.a(_copy_data.o)
__do_clear_bss                                    /usr/lib/gcc/avr/4.3.3/avr5/libgcc.a(_clear_bss.o)
                                                  /usr/lib/gcc/avr/4.3.3/avr5/libgcc.a(_clz.o)
                                                  /usr/lib/gcc/avr/4.3.3/avr5/libgcc.a(_fpcmp_parts_sf.o)
                                                  /usr/lib/gcc/avr/4.3.3/avr5/libgcc.a(_unpack_sf.o)
                                                  /usr/lib/gcc/avr/4.3.3/avr5/libgcc.a(_pack_sf.o)
                                                  /usr/lib/gcc/avr/4.3.3/avr5/libgcc.a(_clzsi2.o)
                                                  /usr/lib/gcc/avr/4.3.3/avr5/libgcc.a(_usi_to_sf.o)
                                                  /usr/lib/gcc/avr/4.3.3/avr5/libgcc.a(_thenan_sf.o)
                                                  /usr/lib/gcc/avr/4.3.3/avr5/libgcc.a(_sf_to_si.o)
                                                  /usr/lib/gcc/avr/4.3.3/avr5/libgcc.a(_lt_sf.o)
                                                  /usr/lib/gcc/avr/4.3.3/avr5/libgcc.a(_ge_sf.o)
                                                  /usr/lib/gcc/avr/4.3.3/avr5/libgcc.a(_gt_sf.o)
                                                  /usr/lib/gcc/avr/4.3.3/avr5/libgcc.a(_mul_sf.o)
                                                  /usr/lib/gcc/avr/4.3.3/avr5/libgcc.a(_addsub_sf.o)
                                                  /usr/lib/gcc/avr/4.3.3/avr5/libgcc.a(_fixunssfsi.o)
                                                  obj/Debug/pwm.o
                                                  obj/Debug/main.o
                                                  obj/Debug/digital.o
                                                  obj/Debug/adc.o
__do_copy_data                                    /usr/lib/gcc/avr/4.3.3/avr5/libgcc.a(_copy_data.o)
                                                  /usr/lib/gcc/avr/4.3.3/avr5/libgcc.a(_clz.o)
                                                  /usr/lib/gcc/avr/4.3.3/avr5/libgcc.a(_fpcmp_parts_sf.o)
                                                  /usr/lib/gcc/avr/4.3.3/avr5/libgcc.a(_unpack_sf.o)
                                                  /usr/lib/gcc/avr/4.3.3/avr5/libgcc.a(_pack_sf.o)
                                                  /usr/lib/gcc/avr/4.3.3/avr5/libgcc.a(_clzsi2.o)
                                                  /usr/lib/gcc/avr/4.3.3/avr5/libgcc.a(_usi_to_sf.o)
                                                  /usr/lib/gcc/avr/4.3.3/avr5/libgcc.a(_thenan_sf.o)
                                                  /usr/lib/gcc/avr/4.3.3/avr5/libgcc.a(_sf_to_si.o)
                                                  /usr/lib/gcc/avr/4.3.3/avr5/libgcc.a(_lt_sf.o)
                                                  /usr/lib/gcc/avr/4.3.3/avr5/libgcc.a(_ge_sf.o)
                                                  /usr/lib/gcc/avr/4.3.3/avr5/libgcc.a(_gt_sf.o)
                                                  /usr/lib/gcc/avr/4.3.3/avr5/libgcc.a(_mul_sf.o)
                                                  /usr/lib/gcc/avr/4.3.3/avr5/libgcc.a(_addsub_sf.o)
                                                  /usr/lib/gcc/avr/4.3.3/avr5/libgcc.a(_fixunssfsi.o)
                                                  obj/Debug/pwm.o
                                                  obj/Debug/main.o
                                                  obj/Debug/digital.o
                                                  obj/Debug/adc.o
__epilogue_restores__                             /usr/lib/gcc/avr/4.3.3/avr5/libgcc.a(_epilogue.o)
                                                  /usr/lib/gcc/avr/4.3.3/avr5/libgcc.a(_usi_to_sf.o)
                                                  /usr/lib/gcc/avr/4.3.3/avr5/libgcc.a(_sf_to_si.o)
                                                  /usr/lib/gcc/avr/4.3.3/avr5/libgcc.a(_lt_sf.o)
                                                  /usr/lib/gcc/avr/4.3.3/avr5/libgcc.a(_ge_sf.o)
                                                  /usr/lib/gcc/avr/4.3.3/avr5/libgcc.a(_gt_sf.o)
                                                  /usr/lib/gcc/avr/4.3.3/avr5/libgcc.a(_mul_sf.o)
                                                  /usr/lib/gcc/avr/4.3.3/avr5/libgcc.a(_addsub_sf.o)
__fixsfsi                                         /usr/lib/gcc/avr/4.3.3/avr5/libgcc.a(_sf_to_si.o)
                                                  /usr/lib/gcc/avr/4.3.3/avr5/libgcc.a(_fixunssfsi.o)
__fixunssfsi                                      /usr/lib/gcc/avr/4.3.3/avr5/libgcc.a(_fixunssfsi.o)
                                                  obj/Debug/pwm.o
__floatunsisf                                     /usr/lib/gcc/avr/4.3.3/avr5/libgcc.a(_usi_to_sf.o)
                                                  obj/Debug/pwm.o
__fpcmp_parts_f                                   /usr/lib/gcc/avr/4.3.3/avr5/libgcc.a(_fpcmp_parts_sf.o)
                                                  /usr/lib/gcc/avr/4.3.3/avr5/libgcc.a(_lt_sf.o)
                                                  /usr/lib/gcc/avr/4.3.3/avr5/libgcc.a(_ge_sf.o)
                                                  /usr/lib/gcc/avr/4.3.3/avr5/libgcc.a(_gt_sf.o)
__gesf2                                           /usr/lib/gcc/avr/4.3.3/avr5/libgcc.a(_ge_sf.o)
                                                  /usr/lib/gcc/avr/4.3.3/avr5/libgcc.a(_fixunssfsi.o)
__gtsf2                                           /usr/lib/gcc/avr/4.3.3/avr5/libgcc.a(_gt_sf.o)
                                                  obj/Debug/pwm.o
__heap_end                                        /usr/lib/gcc/avr/4.3.3/../../../avr/lib/avr5/crtm328p.o
__init                                            /usr/lib/gcc/avr/4.3.3/../../../avr/lib/avr5/crtm328p.o
__ltsf2                                           /usr/lib/gcc/avr/4.3.3/avr5/libgcc.a(_lt_sf.o)
                                                  obj/Debug/pwm.o
__mulsf3                                          /usr/lib/gcc/avr/4.3.3/avr5/libgcc.a(_mul_sf.o)
                                                  obj/Debug/pwm.o
__pack_f                                          /usr/lib/gcc/avr/4.3.3/avr5/libgcc.a(_pack_sf.o)
                                                  /usr/lib/gcc/avr/4.3.3/avr5/libgcc.a(_usi_to_sf.o)
                                                  /usr/lib/gcc/avr/4.3.3/avr5/libgcc.a(_mul_sf.o)
                                                  /usr/lib/gcc/avr/4.3.3/avr5/libgcc.a(_addsub_sf.o)
__prologue_saves__                                /usr/lib/gcc/avr/4.3.3/avr5/libgcc.a(_prologue.o)
                                                  /usr/lib/gcc/avr/4.3.3/avr5/libgcc.a(_usi_to_sf.o)
                                                  /usr/lib/gcc/avr/4.3.3/avr5/libgcc.a(_sf_to_si.o)
                                                  /usr/lib/gcc/avr/4.3.3/avr5/libgcc.a(_lt_sf.o)
                                                  /usr/lib/gcc/avr/4.3.3/avr5/libgcc.a(_ge_sf.o)
                                                  /usr/lib/gcc/avr/4.3.3/avr5/libgcc.a(_gt_sf.o)
                                                  /usr/lib/gcc/avr/4.3.3/avr5/libgcc.a(_mul_sf.o)
                                                  /usr/lib/gcc/avr/4.3.3/avr5/libgcc.a(_addsub_sf.o)
__stack                                           /usr/lib/gcc/avr/4.3.3/../../../avr/lib/avr5/crtm328p.o
__subsf3                                          /usr/lib/gcc/avr/4.3.3/avr5/libgcc.a(_addsub_sf.o)
                                                  /usr/lib/gcc/avr/4.3.3/avr5/libgcc.a(_fixunssfsi.o)
__thenan_sf                                       /usr/lib/gcc/avr/4.3.3/avr5/libgcc.a(_thenan_sf.o)
                                                  /usr/lib/gcc/avr/4.3.3/avr5/libgcc.a(_mul_sf.o)
                                                  /usr/lib/gcc/avr/4.3.3/avr5/libgcc.a(_addsub_sf.o)
__unpack_f                                        /usr/lib/gcc/avr/4.3.3/avr5/libgcc.a(_unpack_sf.o)
                                                  /usr/lib/gcc/avr/4.3.3/avr5/libgcc.a(_sf_to_si.o)
                                                  /usr/lib/gcc/avr/4.3.3/avr5/libgcc.a(_lt_sf.o)
                                                  /usr/lib/gcc/avr/4.3.3/avr5/libgcc.a(_ge_sf.o)
                                                  /usr/lib/gcc/avr/4.3.3/avr5/libgcc.a(_gt_sf.o)
                                                  /usr/lib/gcc/avr/4.3.3/avr5/libgcc.a(_mul_sf.o)
                                                  /usr/lib/gcc/avr/4.3.3/avr5/libgcc.a(_addsub_sf.o)
__vector_1                                        /usr/lib/gcc/avr/4.3.3/../../../avr/lib/avr5/crtm328p.o
__vector_10                                       /usr/lib/gcc/avr/4.3.3/../../../avr/lib/avr5/crtm328p.o
__vector_11                                       /usr/lib/gcc/avr/4.3.3/../../../avr/lib/avr5/crtm328p.o
__vector_12                                       /usr/lib/gcc/avr/4.3.3/../../../avr/lib/avr5/crtm328p.o
__vector_13                                       /usr/lib/gcc/avr/4.3.3/../../../avr/lib/avr5/crtm328p.o
__vector_14                                       /usr/lib/gcc/avr/4.3.3/../../../avr/lib/avr5/crtm328p.o
__vector_15                                       /usr/lib/gcc/avr/4.3.3/../../../avr/lib/avr5/crtm328p.o
__vector_16                                       /usr/lib/gcc/avr/4.3.3/../../../avr/lib/avr5/crtm328p.o
__vector_17                                       /usr/lib/gcc/avr/4.3.3/../../../avr/lib/avr5/crtm328p.o
__vector_18                                       /usr/lib/gcc/avr/4.3.3/../../../avr/lib/avr5/crtm328p.o
__vector_19                                       /usr/lib/gcc/avr/4.3.3/../../../avr/lib/avr5/crtm328p.o
__vector_2                                        /usr/lib/gcc/avr/4.3.3/../../../avr/lib/avr5/crtm328p.o
__vector_20                                       /usr/lib/gcc/avr/4.3.3/../../../avr/lib/avr5/crtm328p.o
__vector_21                                       obj/Debug/adc.o
                                                  /usr/lib/gcc/avr/4.3.3/../../../avr/lib/avr5/crtm328p.o
__vector_22                                       /usr/lib/gcc/avr/4.3.3/../../../avr/lib/avr5/crtm328p.o
__vector_23                                       /usr/lib/gcc/avr/4.3.3/../../../avr/lib/avr5/crtm328p.o
__vector_24                                       /usr/lib/gcc/avr/4.3.3/../../../avr/lib/avr5/crtm328p.o
__vector_25                                       /usr/lib/gcc/avr/4.3.3/../../../avr/lib/avr5/crtm328p.o
__vector_3                                        /usr/lib/gcc/avr/4.3.3/../../../avr/lib/avr5/crtm328p.o
__vector_4                                        /usr/lib/gcc/avr/4.3.3/../../../avr/lib/avr5/crtm328p.o
__vector_5                                        /usr/lib/gcc/avr/4.3.3/../../../avr/lib/avr5/crtm328p.o
__vector_6                                        /usr/lib/gcc/avr/4.3.3/../../../avr/lib/avr5/crtm328p.o
__vector_7                                        /usr/lib/gcc/avr/4.3.3/../../../avr/lib/avr5/crtm328p.o
__vector_8                                        /usr/lib/gcc/avr/4.3.3/../../../avr/lib/avr5/crtm328p.o
__vector_9                                        /usr/lib/gcc/avr/4.3.3/../../../avr/lib/avr5/crtm328p.o
__vector_default                                  /usr/lib/gcc/avr/4.3.3/../../../avr/lib/avr5/crtm328p.o
__vectors                                         /usr/lib/gcc/avr/4.3.3/../../../avr/lib/avr5/crtm328p.o
_exit                                             /usr/lib/gcc/avr/4.3.3/avr5/libgcc.a(_exit.o)
adc_start                                         obj/Debug/adc.o
                                                  obj/Debug/main.o
delay_ms                                          obj/Debug/main.o
exit                                              /usr/lib/gcc/avr/4.3.3/avr5/libgcc.a(_exit.o)
                                                  /usr/lib/gcc/avr/4.3.3/../../../avr/lib/avr5/crtm328p.o
inputB                                            obj/Debug/digital.o
inputD                                            obj/Debug/digital.o
main                                              obj/Debug/main.o
                                                  /usr/lib/gcc/avr/4.3.3/../../../avr/lib/avr5/crtm328p.o
portB_out                                         obj/Debug/digital.o
portD_out                                         obj/Debug/digital.o
                                                  obj/Debug/main.o
pwm                                               obj/Debug/pwm.o
pwm_ramp                                          obj/Debug/pwm.o
                                                  obj/Debug/main.o
pwm_rampDown                                      obj/Debug/pwm.o
pwm_rampUp                                        obj/Debug/pwm.o
pwm_setup                                         obj/Debug/pwm.o
                                                  obj/Debug/main.o
pwm_speed                                         obj/Debug/pwm.o
                                                  obj/Debug/main.o
                                                  obj/Debug/adc.o
pwm_value                                         obj/Debug/pwm.o
                                                  obj/Debug/main.o
                                                  obj/Debug/adc.o
pwm_value_old                                     obj/Debug/pwm.o
                                                  obj/Debug/main.o
                                                  obj/Debug/adc.o
