Archive member included because of file (symbol)

/usr/lib/gcc/avr/4.3.5/avr5/libgcc.a(_udivmodhi4.o)
                              obj/Debug/robotfunc.o (__udivmodhi4)
/usr/lib/gcc/avr/4.3.5/avr5/libgcc.a(_exit.o)
                              /usr/lib/gcc/avr/4.3.5/../../../avr/lib/avr5/crtm328p.o (exit)
/usr/lib/gcc/avr/4.3.5/avr5/libgcc.a(_copy_data.o)
                              obj/Debug/main.o (__do_copy_data)
/usr/lib/gcc/avr/4.3.5/avr5/libgcc.a(_clear_bss.o)
                              obj/Debug/adc.o (__do_clear_bss)
/usr/lib/gcc/avr/4.3.5/avr5/libgcc.a(_fixunssfsi.o)
                              obj/Debug/robotfunc.o (__fixunssfsi)
/usr/lib/gcc/avr/4.3.5/avr5/libgcc.a(_addsub_sf.o)
                              /usr/lib/gcc/avr/4.3.5/avr5/libgcc.a(_fixunssfsi.o) (__subsf3)
/usr/lib/gcc/avr/4.3.5/avr5/libgcc.a(_mul_sf.o)
                              obj/Debug/robotfunc.o (__mulsf3)
/usr/lib/gcc/avr/4.3.5/avr5/libgcc.a(_gt_sf.o)
                              obj/Debug/robotfunc.o (__gtsf2)
/usr/lib/gcc/avr/4.3.5/avr5/libgcc.a(_ge_sf.o)
                              /usr/lib/gcc/avr/4.3.5/avr5/libgcc.a(_fixunssfsi.o) (__gesf2)
/usr/lib/gcc/avr/4.3.5/avr5/libgcc.a(_lt_sf.o)
                              obj/Debug/robotfunc.o (__ltsf2)
/usr/lib/gcc/avr/4.3.5/avr5/libgcc.a(_sf_to_si.o)
                              /usr/lib/gcc/avr/4.3.5/avr5/libgcc.a(_fixunssfsi.o) (__fixsfsi)
/usr/lib/gcc/avr/4.3.5/avr5/libgcc.a(_thenan_sf.o)
                              /usr/lib/gcc/avr/4.3.5/avr5/libgcc.a(_addsub_sf.o) (__thenan_sf)
/usr/lib/gcc/avr/4.3.5/avr5/libgcc.a(_prologue.o)
                              /usr/lib/gcc/avr/4.3.5/avr5/libgcc.a(_addsub_sf.o) (__prologue_saves__)
/usr/lib/gcc/avr/4.3.5/avr5/libgcc.a(_epilogue.o)
                              /usr/lib/gcc/avr/4.3.5/avr5/libgcc.a(_addsub_sf.o) (__epilogue_restores__)
/usr/lib/gcc/avr/4.3.5/avr5/libgcc.a(_pack_sf.o)
                              /usr/lib/gcc/avr/4.3.5/avr5/libgcc.a(_addsub_sf.o) (__pack_f)
/usr/lib/gcc/avr/4.3.5/avr5/libgcc.a(_unpack_sf.o)
                              /usr/lib/gcc/avr/4.3.5/avr5/libgcc.a(_addsub_sf.o) (__unpack_f)
/usr/lib/gcc/avr/4.3.5/avr5/libgcc.a(_fpcmp_parts_sf.o)
                              /usr/lib/gcc/avr/4.3.5/avr5/libgcc.a(_gt_sf.o) (__fpcmp_parts_f)

Allocating common symbols
Common symbol       size              file

base                0x2               obj/Debug/adc.o
j                   0x1               obj/Debug/adc.o
average             0x2               obj/Debug/adc.o
read_spot           0x2               obj/Debug/adc.o
button              0x2               obj/Debug/adc.o
mcp_data            0x4               obj/Debug/adc.o
input_buffer        0x2bc             obj/Debug/adc.o
adc                 0x2               obj/Debug/adc.o
count               0x2               obj/Debug/adc.o
rollAverage         0x1e              obj/Debug/adc.o
i_one               0x1               obj/Debug/adc.o

Memory Configuration

Name             Origin             Length             Attributes
text             0x00000000         0x00020000         xr
data             0x00800060         0x0000ffa0         rw !x
eeprom           0x00810000         0x00010000         rw !x
fuse             0x00820000         0x00000400         rw !x
lock             0x00830000         0x00000400         rw !x
signature        0x00840000         0x00000400         rw !x
*default*        0x00000000         0xffffffff

Linker script and memory map

Address of section .data set to 0x800100
LOAD /usr/lib/gcc/avr/4.3.5/../../../avr/lib/avr5/crtm328p.o
LOAD obj/Debug/adc.o
LOAD obj/Debug/boot.o
LOAD obj/Debug/digital.o
LOAD obj/Debug/i2c.o
LOAD obj/Debug/main.o
LOAD obj/Debug/pwm.o
LOAD obj/Debug/robotfunc.o
LOAD obj/Debug/uart.o
LOAD /usr/lib/gcc/avr/4.3.5/avr5/libgcc.a
LOAD /usr/lib/gcc/avr/4.3.5/../../../avr/lib/avr5/libm.a
LOAD /usr/lib/gcc/avr/4.3.5/avr5/libgcc.a
LOAD /usr/lib/gcc/avr/4.3.5/../../../avr/lib/avr5/libc.a
LOAD /usr/lib/gcc/avr/4.3.5/avr5/libgcc.a

.hash
 *(.hash)

.dynsym
 *(.dynsym)

.dynstr
 *(.dynstr)

.gnu.version
 *(.gnu.version)

.gnu.version_d
 *(.gnu.version_d)

.gnu.version_r
 *(.gnu.version_r)

.rel.init
 *(.rel.init)

.rela.init
 *(.rela.init)

.rel.text
 *(.rel.text)
 *(.rel.text.*)
 *(.rel.gnu.linkonce.t*)

.rela.text
 *(.rela.text)
 *(.rela.text.*)
 *(.rela.gnu.linkonce.t*)

.rel.fini
 *(.rel.fini)

.rela.fini
 *(.rela.fini)

.rel.rodata
 *(.rel.rodata)
 *(.rel.rodata.*)
 *(.rel.gnu.linkonce.r*)

.rela.rodata
 *(.rela.rodata)
 *(.rela.rodata.*)
 *(.rela.gnu.linkonce.r*)

.rel.data
 *(.rel.data)
 *(.rel.data.*)
 *(.rel.gnu.linkonce.d*)

.rela.data
 *(.rela.data)
 *(.rela.data.*)
 *(.rela.gnu.linkonce.d*)

.rel.ctors
 *(.rel.ctors)

.rela.ctors
 *(.rela.ctors)

.rel.dtors
 *(.rel.dtors)

.rela.dtors
 *(.rela.dtors)

.rel.got
 *(.rel.got)

.rela.got
 *(.rela.got)

.rel.bss
 *(.rel.bss)

.rela.bss
 *(.rela.bss)

.rel.plt
 *(.rel.plt)

.rela.plt
 *(.rela.plt)

.text           0x00000000     0x1f46
 *(.vectors)
 .vectors       0x00000000       0x68 /usr/lib/gcc/avr/4.3.5/../../../avr/lib/avr5/crtm328p.o
                0x00000000                __vectors
                0x00000000                __vector_default
 *(.vectors)
 *(.progmem.gcc*)
 *(.progmem*)
                0x00000068                . = ALIGN (0x2)
                0x00000068                __trampolines_start = .
 *(.trampolines)
 .trampolines   0x00000068        0x0 linker stubs
 *(.trampolines*)
                0x00000068                __trampolines_end = .
 *(.jumptables)
 *(.jumptables*)
 *(.lowtext)
 *(.lowtext*)
                0x00000068                __ctors_start = .
 *(.ctors)
                0x00000068                __ctors_end = .
                0x00000068                __dtors_start = .
 *(.dtors)
                0x00000068                __dtors_end = .
 SORT(*)(.ctors)
 SORT(*)(.dtors)
 *(.init0)
 .init0         0x00000068        0x0 /usr/lib/gcc/avr/4.3.5/../../../avr/lib/avr5/crtm328p.o
                0x00000068                __init
 *(.init0)
 *(.init1)
 *(.init1)
 *(.init2)
 .init2         0x00000068        0xc /usr/lib/gcc/avr/4.3.5/../../../avr/lib/avr5/crtm328p.o
 *(.init2)
 *(.init3)
 *(.init3)
 *(.init4)
 .init4         0x00000074       0x16 /usr/lib/gcc/avr/4.3.5/avr5/libgcc.a(_copy_data.o)
                0x00000074                __do_copy_data
 .init4         0x0000008a       0x10 /usr/lib/gcc/avr/4.3.5/avr5/libgcc.a(_clear_bss.o)
                0x0000008a                __do_clear_bss
 *(.init4)
 *(.init5)
 *(.init5)
 *(.init6)
 *(.init6)
 *(.init7)
 *(.init7)
 *(.init8)
 *(.init8)
 *(.init9)
 .init9         0x0000009a        0x8 /usr/lib/gcc/avr/4.3.5/../../../avr/lib/avr5/crtm328p.o
 *(.init9)
 *(.text)
 .text          0x000000a2        0x4 /usr/lib/gcc/avr/4.3.5/../../../avr/lib/avr5/crtm328p.o
                0x000000a2                __vector_22
                0x000000a2                __vector_1
                0x000000a2                __vector_24
                0x000000a2                __vector_12
                0x000000a2                __bad_interrupt
                0x000000a2                __vector_6
                0x000000a2                __vector_3
                0x000000a2                __vector_23
                0x000000a2                __vector_25
                0x000000a2                __vector_11
                0x000000a2                __vector_13
                0x000000a2                __vector_17
                0x000000a2                __vector_19
                0x000000a2                __vector_7
                0x000000a2                __vector_5
                0x000000a2                __vector_4
                0x000000a2                __vector_9
                0x000000a2                __vector_2
                0x000000a2                __vector_15
                0x000000a2                __vector_8
                0x000000a2                __vector_14
                0x000000a2                __vector_10
                0x000000a2                __vector_20
 .text          0x000000a6      0x2c2 obj/Debug/adc.o
                0x000000a6                __vector_21
                0x000000c6                adc_start
                0x00000144                adc_stop
                0x00000160                adc_change
 .text          0x00000368       0x84 obj/Debug/boot.o
                0x00000368                bios
 .text          0x000003ec      0x34e obj/Debug/digital.o
                0x000003ec                portB_out
                0x00000458                portD_out
                0x000004c4                out
                0x000005e6                setup_timer0
                0x00000616                check_buttons
                0x0000066c                buttons
                0x000006c6                __vector_16
 .text          0x0000073a      0x32c obj/Debug/i2c.o
                0x0000073a                twi_start
                0x00000756                twi_tran
                0x000007d0                twi_mcp_dac
                0x0000093e                twi_mcp_read
 .text          0x00000a66       0x24 obj/Debug/main.o
                0x00000a66                main
 .text          0x00000a8a      0x294 obj/Debug/pwm.o
                0x00000a8a                pwm_setup_all
                0x00000b40                pwm_setup0
                0x00000b86                pwm0A
                0x00000bb0                pwm0B
                0x00000bda                pwm_setup1
                0x00000c20                pwm1A
                0x00000c52                pwm1B
                0x00000c84                pwm_setup2
                0x00000cca                pwm2A
                0x00000cf4                pwm2B
 .text          0x00000d1e      0x4a4 obj/Debug/robotfunc.o
                0x00000d1e                calibrate
                0x00000f88                ultrasound_filter
 .text          0x000011c2      0x236 obj/Debug/uart.o
                0x000011c2                uart_start
                0x0000123e                uart_sendint
                0x0000126c                uart_sendint16
                0x000012be                uart_sendchar
                0x0000130a                uart_get
                0x00001380                __vector_18
 .text          0x000013f8        0x0 /usr/lib/gcc/avr/4.3.5/avr5/libgcc.a(_udivmodhi4.o)
 .text          0x000013f8        0x0 /usr/lib/gcc/avr/4.3.5/avr5/libgcc.a(_exit.o)
 .text          0x000013f8        0x0 /usr/lib/gcc/avr/4.3.5/avr5/libgcc.a(_copy_data.o)
 .text          0x000013f8        0x0 /usr/lib/gcc/avr/4.3.5/avr5/libgcc.a(_clear_bss.o)
 .text          0x000013f8       0x58 /usr/lib/gcc/avr/4.3.5/avr5/libgcc.a(_fixunssfsi.o)
                0x000013f8                __fixunssfsi
 .text          0x00001450      0x354 /usr/lib/gcc/avr/4.3.5/avr5/libgcc.a(_addsub_sf.o)
                0x000016e8                __subsf3
                0x0000174a                __addsf3
 .text          0x000017a4      0x1f4 /usr/lib/gcc/avr/4.3.5/avr5/libgcc.a(_mul_sf.o)
                0x000017a4                __mulsf3
 .text          0x00001998       0x60 /usr/lib/gcc/avr/4.3.5/avr5/libgcc.a(_gt_sf.o)
                0x00001998                __gtsf2
 .text          0x000019f8       0x60 /usr/lib/gcc/avr/4.3.5/avr5/libgcc.a(_ge_sf.o)
                0x000019f8                __gesf2
 .text          0x00001a58       0x60 /usr/lib/gcc/avr/4.3.5/avr5/libgcc.a(_lt_sf.o)
                0x00001a58                __ltsf2
 .text          0x00001ab8       0xa8 /usr/lib/gcc/avr/4.3.5/avr5/libgcc.a(_sf_to_si.o)
                0x00001ab8                __fixsfsi
 .text          0x00001b60        0x0 /usr/lib/gcc/avr/4.3.5/avr5/libgcc.a(_thenan_sf.o)
 .text          0x00001b60        0x0 /usr/lib/gcc/avr/4.3.5/avr5/libgcc.a(_prologue.o)
 .text          0x00001b60        0x0 /usr/lib/gcc/avr/4.3.5/avr5/libgcc.a(_epilogue.o)
 .text          0x00001b60      0x1aa /usr/lib/gcc/avr/4.3.5/avr5/libgcc.a(_pack_sf.o)
                0x00001b60                __pack_f
 .text          0x00001d0a       0xf0 /usr/lib/gcc/avr/4.3.5/avr5/libgcc.a(_unpack_sf.o)
                0x00001d0a                __unpack_f
 .text          0x00001dfa       0xb2 /usr/lib/gcc/avr/4.3.5/avr5/libgcc.a(_fpcmp_parts_sf.o)
                0x00001dfa                __fpcmp_parts_f
                0x00001eac                . = ALIGN (0x2)
 *(.text.*)
 .text.libgcc   0x00001eac       0x28 /usr/lib/gcc/avr/4.3.5/avr5/libgcc.a(_udivmodhi4.o)
                0x00001eac                __udivmodhi4
 .text.libgcc   0x00001ed4        0x0 /usr/lib/gcc/avr/4.3.5/avr5/libgcc.a(_exit.o)
 .text.libgcc   0x00001ed4        0x0 /usr/lib/gcc/avr/4.3.5/avr5/libgcc.a(_copy_data.o)
 .text.libgcc   0x00001ed4        0x0 /usr/lib/gcc/avr/4.3.5/avr5/libgcc.a(_clear_bss.o)
 .text.libgcc   0x00001ed4       0x38 /usr/lib/gcc/avr/4.3.5/avr5/libgcc.a(_prologue.o)
                0x00001ed4                __prologue_saves__
 .text.libgcc   0x00001f0c       0x36 /usr/lib/gcc/avr/4.3.5/avr5/libgcc.a(_epilogue.o)
                0x00001f0c                __epilogue_restores__
                0x00001f42                . = ALIGN (0x2)
 *(.fini9)
 .fini9         0x00001f42        0x0 /usr/lib/gcc/avr/4.3.5/avr5/libgcc.a(_exit.o)
                0x00001f42                exit
                0x00001f42                _exit
 *(.fini9)
 *(.fini8)
 *(.fini8)
 *(.fini7)
 *(.fini7)
 *(.fini6)
 *(.fini6)
 *(.fini5)
 *(.fini5)
 *(.fini4)
 *(.fini4)
 *(.fini3)
 *(.fini3)
 *(.fini2)
 *(.fini2)
 *(.fini1)
 *(.fini1)
 *(.fini0)
 .fini0         0x00001f42        0x4 /usr/lib/gcc/avr/4.3.5/avr5/libgcc.a(_exit.o)
 *(.fini0)
                0x00001f46                _etext = .

.data           0x00800100        0xe load address 0x00001f46
                0x00800100                PROVIDE (__data_start, .)
 *(.data)
 .data          0x00800100        0x0 /usr/lib/gcc/avr/4.3.5/../../../avr/lib/avr5/crtm328p.o
 .data          0x00800100        0x0 obj/Debug/adc.o
 .data          0x00800100        0x0 obj/Debug/boot.o
 .data          0x00800100        0x0 obj/Debug/digital.o
 .data          0x00800100        0x0 obj/Debug/i2c.o
 .data          0x00800100        0x6 obj/Debug/main.o
 .data          0x00800106        0x0 obj/Debug/pwm.o
 .data          0x00800106        0x0 obj/Debug/robotfunc.o
 .data          0x00800106        0x0 obj/Debug/uart.o
 .data          0x00800106        0x0 /usr/lib/gcc/avr/4.3.5/avr5/libgcc.a(_udivmodhi4.o)
 .data          0x00800106        0x0 /usr/lib/gcc/avr/4.3.5/avr5/libgcc.a(_exit.o)
 .data          0x00800106        0x0 /usr/lib/gcc/avr/4.3.5/avr5/libgcc.a(_copy_data.o)
 .data          0x00800106        0x0 /usr/lib/gcc/avr/4.3.5/avr5/libgcc.a(_clear_bss.o)
 .data          0x00800106        0x0 /usr/lib/gcc/avr/4.3.5/avr5/libgcc.a(_fixunssfsi.o)
 .data          0x00800106        0x0 /usr/lib/gcc/avr/4.3.5/avr5/libgcc.a(_addsub_sf.o)
 .data          0x00800106        0x0 /usr/lib/gcc/avr/4.3.5/avr5/libgcc.a(_mul_sf.o)
 .data          0x00800106        0x0 /usr/lib/gcc/avr/4.3.5/avr5/libgcc.a(_gt_sf.o)
 .data          0x00800106        0x0 /usr/lib/gcc/avr/4.3.5/avr5/libgcc.a(_ge_sf.o)
 .data          0x00800106        0x0 /usr/lib/gcc/avr/4.3.5/avr5/libgcc.a(_lt_sf.o)
 .data          0x00800106        0x0 /usr/lib/gcc/avr/4.3.5/avr5/libgcc.a(_sf_to_si.o)
 .data          0x00800106        0x8 /usr/lib/gcc/avr/4.3.5/avr5/libgcc.a(_thenan_sf.o)
                0x00800106                __thenan_sf
 .data          0x0080010e        0x0 /usr/lib/gcc/avr/4.3.5/avr5/libgcc.a(_prologue.o)
 .data          0x0080010e        0x0 /usr/lib/gcc/avr/4.3.5/avr5/libgcc.a(_epilogue.o)
 .data          0x0080010e        0x0 /usr/lib/gcc/avr/4.3.5/avr5/libgcc.a(_pack_sf.o)
 .data          0x0080010e        0x0 /usr/lib/gcc/avr/4.3.5/avr5/libgcc.a(_unpack_sf.o)
 .data          0x0080010e        0x0 /usr/lib/gcc/avr/4.3.5/avr5/libgcc.a(_fpcmp_parts_sf.o)
 *(.data*)
 *(.rodata)
 *(.rodata*)
 *(.gnu.linkonce.d*)
                0x0080010e                . = ALIGN (0x2)
                0x0080010e                _edata = .
                0x0080010e                PROVIDE (__data_end, .)

.bss            0x0080010e      0x2ec
                0x0080010e                PROVIDE (__bss_start, .)
 *(.bss)
 .bss           0x0080010e        0x0 /usr/lib/gcc/avr/4.3.5/../../../avr/lib/avr5/crtm328p.o
 .bss           0x0080010e        0x0 obj/Debug/adc.o
 .bss           0x0080010e        0x0 obj/Debug/boot.o
 .bss           0x0080010e        0x0 obj/Debug/digital.o
 .bss           0x0080010e        0x0 obj/Debug/i2c.o
 .bss           0x0080010e        0x0 obj/Debug/main.o
 .bss           0x0080010e        0x0 obj/Debug/pwm.o
 .bss           0x0080010e        0x0 obj/Debug/robotfunc.o
 .bss           0x0080010e        0x0 obj/Debug/uart.o
 .bss           0x0080010e        0x0 /usr/lib/gcc/avr/4.3.5/avr5/libgcc.a(_udivmodhi4.o)
 .bss           0x0080010e        0x0 /usr/lib/gcc/avr/4.3.5/avr5/libgcc.a(_exit.o)
 .bss           0x0080010e        0x0 /usr/lib/gcc/avr/4.3.5/avr5/libgcc.a(_copy_data.o)
 .bss           0x0080010e        0x0 /usr/lib/gcc/avr/4.3.5/avr5/libgcc.a(_clear_bss.o)
 .bss           0x0080010e        0x0 /usr/lib/gcc/avr/4.3.5/avr5/libgcc.a(_fixunssfsi.o)
 .bss           0x0080010e        0x0 /usr/lib/gcc/avr/4.3.5/avr5/libgcc.a(_addsub_sf.o)
 .bss           0x0080010e        0x0 /usr/lib/gcc/avr/4.3.5/avr5/libgcc.a(_mul_sf.o)
 .bss           0x0080010e        0x0 /usr/lib/gcc/avr/4.3.5/avr5/libgcc.a(_gt_sf.o)
 .bss           0x0080010e        0x0 /usr/lib/gcc/avr/4.3.5/avr5/libgcc.a(_ge_sf.o)
 .bss           0x0080010e        0x0 /usr/lib/gcc/avr/4.3.5/avr5/libgcc.a(_lt_sf.o)
 .bss           0x0080010e        0x0 /usr/lib/gcc/avr/4.3.5/avr5/libgcc.a(_sf_to_si.o)
 .bss           0x0080010e        0x0 /usr/lib/gcc/avr/4.3.5/avr5/libgcc.a(_thenan_sf.o)
 .bss           0x0080010e        0x0 /usr/lib/gcc/avr/4.3.5/avr5/libgcc.a(_prologue.o)
 .bss           0x0080010e        0x0 /usr/lib/gcc/avr/4.3.5/avr5/libgcc.a(_epilogue.o)
 .bss           0x0080010e        0x0 /usr/lib/gcc/avr/4.3.5/avr5/libgcc.a(_pack_sf.o)
 .bss           0x0080010e        0x0 /usr/lib/gcc/avr/4.3.5/avr5/libgcc.a(_unpack_sf.o)
 .bss           0x0080010e        0x0 /usr/lib/gcc/avr/4.3.5/avr5/libgcc.a(_fpcmp_parts_sf.o)
 *(.bss*)
 *(COMMON)
 COMMON         0x0080010e      0x2ec obj/Debug/adc.o
                0x0080010e                base
                0x00800110                j
                0x00800111                average
                0x00800113                read_spot
                0x00800115                button
                0x00800117                mcp_data
                0x0080011b                input_buffer
                0x008003d7                adc
                0x008003d9                count
                0x008003db                rollAverage
                0x008003f9                i_one
                0x008003fa                PROVIDE (__bss_end, .)
                0x00001f46                __data_load_start = LOADADDR (.data)
                0x00001f54                __data_load_end = (__data_load_start + SIZEOF (.data))

.noinit         0x008003fa        0x0
                0x008003fa                PROVIDE (__noinit_start, .)
 *(.noinit*)
                0x008003fa                PROVIDE (__noinit_end, .)
                0x008003fa                _end = .
                0x008003fa                PROVIDE (__heap_start, .)

.eeprom         0x00810000        0x0
 *(.eeprom*)
                0x00810000                __eeprom_end = .

.fuse
 *(.fuse)
 *(.lfuse)
 *(.hfuse)
 *(.efuse)

.lock
 *(.lock*)

.signature
 *(.signature*)

.stab           0x00000000     0x3d44
 *(.stab)
 .stab          0x00000000      0x6b4 /usr/lib/gcc/avr/4.3.5/../../../avr/lib/avr5/crtm328p.o
 .stab          0x000006b4      0xe94 obj/Debug/adc.o
                                0xea0 (size before relaxing)
 .stab          0x00001548      0x354 obj/Debug/boot.o
                                0xc9c (size before relaxing)
 .stab          0x0000189c      0x6a8 obj/Debug/digital.o
                                0xff0 (size before relaxing)
 .stab          0x00001f44      0x7c8 obj/Debug/i2c.o
                               0x1110 (size before relaxing)
 .stab          0x0000270c      0x2f4 obj/Debug/main.o
                                0xc3c (size before relaxing)
 .stab          0x00002a00      0x744 obj/Debug/pwm.o
                               0x108c (size before relaxing)
 .stab          0x00003144      0x600 obj/Debug/robotfunc.o
                                0xf48 (size before relaxing)
 .stab          0x00003744      0x600 obj/Debug/uart.o
                                0xf48 (size before relaxing)

.stabstr        0x00000000     0x2a1f
 *(.stabstr)
 .stabstr       0x00000000     0x2a1f /usr/lib/gcc/avr/4.3.5/../../../avr/lib/avr5/crtm328p.o

.stab.excl
 *(.stab.excl)

.stab.exclstr
 *(.stab.exclstr)

.stab.index
 *(.stab.index)

.stab.indexstr
 *(.stab.indexstr)

.comment
 *(.comment)

.debug
 *(.debug)

.line
 *(.line)

.debug_srcinfo
 *(.debug_srcinfo)

.debug_sfnames
 *(.debug_sfnames)

.debug_aranges
 *(.debug_aranges)

.debug_pubnames
 *(.debug_pubnames)

.debug_info
 *(.debug_info)
 *(.gnu.linkonce.wi.*)

.debug_abbrev
 *(.debug_abbrev)

.debug_line
 *(.debug_line)

.debug_frame
 *(.debug_frame)

.debug_str
 *(.debug_str)

.debug_loc
 *(.debug_loc)

.debug_macinfo
 *(.debug_macinfo)
OUTPUT(bin/Debug/BOB_motor.elf elf32-avr)
LOAD linker stubs

Cross Reference Table

Symbol                                            File
__addsf3                                          /usr/lib/gcc/avr/4.3.5/avr5/libgcc.a(_addsub_sf.o)
__bad_interrupt                                   /usr/lib/gcc/avr/4.3.5/../../../avr/lib/avr5/crtm328p.o
__bss_end                                         /usr/lib/gcc/avr/4.3.5/avr5/libgcc.a(_clear_bss.o)
__bss_start                                       /usr/lib/gcc/avr/4.3.5/avr5/libgcc.a(_clear_bss.o)
__data_end                                        /usr/lib/gcc/avr/4.3.5/avr5/libgcc.a(_copy_data.o)
__data_load_start                                 /usr/lib/gcc/avr/4.3.5/avr5/libgcc.a(_copy_data.o)
__data_start                                      /usr/lib/gcc/avr/4.3.5/avr5/libgcc.a(_copy_data.o)
__do_clear_bss                                    /usr/lib/gcc/avr/4.3.5/avr5/libgcc.a(_clear_bss.o)
                                                  obj/Debug/uart.o
                                                  obj/Debug/robotfunc.o
                                                  obj/Debug/pwm.o
                                                  obj/Debug/main.o
                                                  obj/Debug/i2c.o
                                                  obj/Debug/digital.o
                                                  obj/Debug/boot.o
                                                  obj/Debug/adc.o
__do_copy_data                                    /usr/lib/gcc/avr/4.3.5/avr5/libgcc.a(_copy_data.o)
                                                  /usr/lib/gcc/avr/4.3.5/avr5/libgcc.a(_thenan_sf.o)
                                                  obj/Debug/main.o
__epilogue_restores__                             /usr/lib/gcc/avr/4.3.5/avr5/libgcc.a(_epilogue.o)
                                                  /usr/lib/gcc/avr/4.3.5/avr5/libgcc.a(_sf_to_si.o)
                                                  /usr/lib/gcc/avr/4.3.5/avr5/libgcc.a(_lt_sf.o)
                                                  /usr/lib/gcc/avr/4.3.5/avr5/libgcc.a(_ge_sf.o)
                                                  /usr/lib/gcc/avr/4.3.5/avr5/libgcc.a(_gt_sf.o)
                                                  /usr/lib/gcc/avr/4.3.5/avr5/libgcc.a(_mul_sf.o)
                                                  /usr/lib/gcc/avr/4.3.5/avr5/libgcc.a(_addsub_sf.o)
__fixsfsi                                         /usr/lib/gcc/avr/4.3.5/avr5/libgcc.a(_sf_to_si.o)
                                                  /usr/lib/gcc/avr/4.3.5/avr5/libgcc.a(_fixunssfsi.o)
__fixunssfsi                                      /usr/lib/gcc/avr/4.3.5/avr5/libgcc.a(_fixunssfsi.o)
                                                  obj/Debug/robotfunc.o
__fpcmp_parts_f                                   /usr/lib/gcc/avr/4.3.5/avr5/libgcc.a(_fpcmp_parts_sf.o)
                                                  /usr/lib/gcc/avr/4.3.5/avr5/libgcc.a(_lt_sf.o)
                                                  /usr/lib/gcc/avr/4.3.5/avr5/libgcc.a(_ge_sf.o)
                                                  /usr/lib/gcc/avr/4.3.5/avr5/libgcc.a(_gt_sf.o)
__gesf2                                           /usr/lib/gcc/avr/4.3.5/avr5/libgcc.a(_ge_sf.o)
                                                  /usr/lib/gcc/avr/4.3.5/avr5/libgcc.a(_fixunssfsi.o)
__gtsf2                                           /usr/lib/gcc/avr/4.3.5/avr5/libgcc.a(_gt_sf.o)
                                                  obj/Debug/robotfunc.o
__heap_end                                        /usr/lib/gcc/avr/4.3.5/../../../avr/lib/avr5/crtm328p.o
__init                                            /usr/lib/gcc/avr/4.3.5/../../../avr/lib/avr5/crtm328p.o
__ltsf2                                           /usr/lib/gcc/avr/4.3.5/avr5/libgcc.a(_lt_sf.o)
                                                  obj/Debug/robotfunc.o
__mulsf3                                          /usr/lib/gcc/avr/4.3.5/avr5/libgcc.a(_mul_sf.o)
                                                  obj/Debug/robotfunc.o
__pack_f                                          /usr/lib/gcc/avr/4.3.5/avr5/libgcc.a(_pack_sf.o)
                                                  /usr/lib/gcc/avr/4.3.5/avr5/libgcc.a(_mul_sf.o)
                                                  /usr/lib/gcc/avr/4.3.5/avr5/libgcc.a(_addsub_sf.o)
__prologue_saves__                                /usr/lib/gcc/avr/4.3.5/avr5/libgcc.a(_prologue.o)
                                                  /usr/lib/gcc/avr/4.3.5/avr5/libgcc.a(_sf_to_si.o)
                                                  /usr/lib/gcc/avr/4.3.5/avr5/libgcc.a(_lt_sf.o)
                                                  /usr/lib/gcc/avr/4.3.5/avr5/libgcc.a(_ge_sf.o)
                                                  /usr/lib/gcc/avr/4.3.5/avr5/libgcc.a(_gt_sf.o)
                                                  /usr/lib/gcc/avr/4.3.5/avr5/libgcc.a(_mul_sf.o)
                                                  /usr/lib/gcc/avr/4.3.5/avr5/libgcc.a(_addsub_sf.o)
__stack                                           /usr/lib/gcc/avr/4.3.5/../../../avr/lib/avr5/crtm328p.o
__subsf3                                          /usr/lib/gcc/avr/4.3.5/avr5/libgcc.a(_addsub_sf.o)
                                                  /usr/lib/gcc/avr/4.3.5/avr5/libgcc.a(_fixunssfsi.o)
__thenan_sf                                       /usr/lib/gcc/avr/4.3.5/avr5/libgcc.a(_thenan_sf.o)
                                                  /usr/lib/gcc/avr/4.3.5/avr5/libgcc.a(_mul_sf.o)
                                                  /usr/lib/gcc/avr/4.3.5/avr5/libgcc.a(_addsub_sf.o)
__udivmodhi4                                      /usr/lib/gcc/avr/4.3.5/avr5/libgcc.a(_udivmodhi4.o)
                                                  obj/Debug/robotfunc.o
__unpack_f                                        /usr/lib/gcc/avr/4.3.5/avr5/libgcc.a(_unpack_sf.o)
                                                  /usr/lib/gcc/avr/4.3.5/avr5/libgcc.a(_sf_to_si.o)
                                                  /usr/lib/gcc/avr/4.3.5/avr5/libgcc.a(_lt_sf.o)
                                                  /usr/lib/gcc/avr/4.3.5/avr5/libgcc.a(_ge_sf.o)
                                                  /usr/lib/gcc/avr/4.3.5/avr5/libgcc.a(_gt_sf.o)
                                                  /usr/lib/gcc/avr/4.3.5/avr5/libgcc.a(_mul_sf.o)
                                                  /usr/lib/gcc/avr/4.3.5/avr5/libgcc.a(_addsub_sf.o)
__vector_1                                        /usr/lib/gcc/avr/4.3.5/../../../avr/lib/avr5/crtm328p.o
__vector_10                                       /usr/lib/gcc/avr/4.3.5/../../../avr/lib/avr5/crtm328p.o
__vector_11                                       /usr/lib/gcc/avr/4.3.5/../../../avr/lib/avr5/crtm328p.o
__vector_12                                       /usr/lib/gcc/avr/4.3.5/../../../avr/lib/avr5/crtm328p.o
__vector_13                                       /usr/lib/gcc/avr/4.3.5/../../../avr/lib/avr5/crtm328p.o
__vector_14                                       /usr/lib/gcc/avr/4.3.5/../../../avr/lib/avr5/crtm328p.o
__vector_15                                       /usr/lib/gcc/avr/4.3.5/../../../avr/lib/avr5/crtm328p.o
__vector_16                                       obj/Debug/digital.o
                                                  /usr/lib/gcc/avr/4.3.5/../../../avr/lib/avr5/crtm328p.o
__vector_17                                       /usr/lib/gcc/avr/4.3.5/../../../avr/lib/avr5/crtm328p.o
__vector_18                                       obj/Debug/uart.o
                                                  /usr/lib/gcc/avr/4.3.5/../../../avr/lib/avr5/crtm328p.o
__vector_19                                       /usr/lib/gcc/avr/4.3.5/../../../avr/lib/avr5/crtm328p.o
__vector_2                                        /usr/lib/gcc/avr/4.3.5/../../../avr/lib/avr5/crtm328p.o
__vector_20                                       /usr/lib/gcc/avr/4.3.5/../../../avr/lib/avr5/crtm328p.o
__vector_21                                       obj/Debug/adc.o
                                                  /usr/lib/gcc/avr/4.3.5/../../../avr/lib/avr5/crtm328p.o
__vector_22                                       /usr/lib/gcc/avr/4.3.5/../../../avr/lib/avr5/crtm328p.o
__vector_23                                       /usr/lib/gcc/avr/4.3.5/../../../avr/lib/avr5/crtm328p.o
__vector_24                                       /usr/lib/gcc/avr/4.3.5/../../../avr/lib/avr5/crtm328p.o
__vector_25                                       /usr/lib/gcc/avr/4.3.5/../../../avr/lib/avr5/crtm328p.o
__vector_3                                        /usr/lib/gcc/avr/4.3.5/../../../avr/lib/avr5/crtm328p.o
__vector_4                                        /usr/lib/gcc/avr/4.3.5/../../../avr/lib/avr5/crtm328p.o
__vector_5                                        /usr/lib/gcc/avr/4.3.5/../../../avr/lib/avr5/crtm328p.o
__vector_6                                        /usr/lib/gcc/avr/4.3.5/../../../avr/lib/avr5/crtm328p.o
__vector_7                                        /usr/lib/gcc/avr/4.3.5/../../../avr/lib/avr5/crtm328p.o
__vector_8                                        /usr/lib/gcc/avr/4.3.5/../../../avr/lib/avr5/crtm328p.o
__vector_9                                        /usr/lib/gcc/avr/4.3.5/../../../avr/lib/avr5/crtm328p.o
__vector_default                                  /usr/lib/gcc/avr/4.3.5/../../../avr/lib/avr5/crtm328p.o
__vectors                                         /usr/lib/gcc/avr/4.3.5/../../../avr/lib/avr5/crtm328p.o
_exit                                             /usr/lib/gcc/avr/4.3.5/avr5/libgcc.a(_exit.o)
adc                                               obj/Debug/uart.o
                                                  obj/Debug/robotfunc.o
                                                  obj/Debug/pwm.o
                                                  obj/Debug/main.o
                                                  obj/Debug/i2c.o
                                                  obj/Debug/digital.o
                                                  obj/Debug/boot.o
                                                  obj/Debug/adc.o
adc_change                                        obj/Debug/adc.o
                                                  obj/Debug/robotfunc.o
adc_start                                         obj/Debug/adc.o
                                                  obj/Debug/boot.o
adc_stop                                          obj/Debug/adc.o
average                                           obj/Debug/uart.o
                                                  obj/Debug/robotfunc.o
                                                  obj/Debug/pwm.o
                                                  obj/Debug/main.o
                                                  obj/Debug/i2c.o
                                                  obj/Debug/digital.o
                                                  obj/Debug/boot.o
                                                  obj/Debug/adc.o
base                                              obj/Debug/uart.o
                                                  obj/Debug/robotfunc.o
                                                  obj/Debug/pwm.o
                                                  obj/Debug/main.o
                                                  obj/Debug/i2c.o
                                                  obj/Debug/digital.o
                                                  obj/Debug/boot.o
                                                  obj/Debug/adc.o
bios                                              obj/Debug/boot.o
                                                  obj/Debug/main.o
button                                            obj/Debug/uart.o
                                                  obj/Debug/robotfunc.o
                                                  obj/Debug/pwm.o
                                                  obj/Debug/main.o
                                                  obj/Debug/i2c.o
                                                  obj/Debug/digital.o
                                                  obj/Debug/boot.o
                                                  obj/Debug/adc.o
buttons                                           obj/Debug/digital.o
                                                  obj/Debug/main.o
calibrate                                         obj/Debug/robotfunc.o
                                                  obj/Debug/main.o
check_buttons                                     obj/Debug/digital.o
                                                  obj/Debug/main.o
count                                             obj/Debug/uart.o
                                                  obj/Debug/robotfunc.o
                                                  obj/Debug/pwm.o
                                                  obj/Debug/main.o
                                                  obj/Debug/i2c.o
                                                  obj/Debug/digital.o
                                                  obj/Debug/boot.o
                                                  obj/Debug/adc.o
exit                                              /usr/lib/gcc/avr/4.3.5/avr5/libgcc.a(_exit.o)
                                                  /usr/lib/gcc/avr/4.3.5/../../../avr/lib/avr5/crtm328p.o
i_one                                             obj/Debug/uart.o
                                                  obj/Debug/robotfunc.o
                                                  obj/Debug/pwm.o
                                                  obj/Debug/main.o
                                                  obj/Debug/i2c.o
                                                  obj/Debug/digital.o
                                                  obj/Debug/boot.o
                                                  obj/Debug/adc.o
input_buffer                                      obj/Debug/uart.o
                                                  obj/Debug/robotfunc.o
                                                  obj/Debug/pwm.o
                                                  obj/Debug/main.o
                                                  obj/Debug/i2c.o
                                                  obj/Debug/digital.o
                                                  obj/Debug/boot.o
                                                  obj/Debug/adc.o
j                                                 obj/Debug/uart.o
                                                  obj/Debug/robotfunc.o
                                                  obj/Debug/pwm.o
                                                  obj/Debug/main.o
                                                  obj/Debug/i2c.o
                                                  obj/Debug/digital.o
                                                  obj/Debug/boot.o
                                                  obj/Debug/adc.o
main                                              obj/Debug/main.o
                                                  /usr/lib/gcc/avr/4.3.5/../../../avr/lib/avr5/crtm328p.o
mcp_data                                          obj/Debug/uart.o
                                                  obj/Debug/robotfunc.o
                                                  obj/Debug/pwm.o
                                                  obj/Debug/main.o
                                                  obj/Debug/i2c.o
                                                  obj/Debug/digital.o
                                                  obj/Debug/boot.o
                                                  obj/Debug/adc.o
out                                               obj/Debug/digital.o
portB_out                                         obj/Debug/digital.o
portD_out                                         obj/Debug/digital.o
pwm0A                                             obj/Debug/pwm.o
pwm0B                                             obj/Debug/pwm.o
pwm1A                                             obj/Debug/pwm.o
pwm1B                                             obj/Debug/pwm.o
pwm2A                                             obj/Debug/pwm.o
pwm2B                                             obj/Debug/pwm.o
pwm_setup0                                        obj/Debug/pwm.o
pwm_setup1                                        obj/Debug/pwm.o
pwm_setup2                                        obj/Debug/pwm.o
pwm_setup_all                                     obj/Debug/pwm.o
                                                  obj/Debug/boot.o
read_spot                                         obj/Debug/uart.o
                                                  obj/Debug/robotfunc.o
                                                  obj/Debug/pwm.o
                                                  obj/Debug/main.o
                                                  obj/Debug/i2c.o
                                                  obj/Debug/digital.o
                                                  obj/Debug/boot.o
                                                  obj/Debug/adc.o
rollAverage                                       obj/Debug/uart.o
                                                  obj/Debug/robotfunc.o
                                                  obj/Debug/pwm.o
                                                  obj/Debug/main.o
                                                  obj/Debug/i2c.o
                                                  obj/Debug/digital.o
                                                  obj/Debug/boot.o
                                                  obj/Debug/adc.o
setup_timer0                                      obj/Debug/digital.o
                                                  obj/Debug/boot.o
twi_mcp_dac                                       obj/Debug/i2c.o
twi_mcp_read                                      obj/Debug/i2c.o
twi_start                                         obj/Debug/i2c.o
                                                  obj/Debug/boot.o
twi_tran                                          obj/Debug/i2c.o
uart_get                                          obj/Debug/uart.o
uart_sendchar                                     obj/Debug/uart.o
                                                  obj/Debug/main.o
uart_sendint                                      obj/Debug/uart.o
                                                  obj/Debug/digital.o
uart_sendint16                                    obj/Debug/uart.o
uart_start                                        obj/Debug/uart.o
                                                  obj/Debug/boot.o
ultrasound_filter                                 obj/Debug/robotfunc.o
                                                  obj/Debug/digital.o
